a16 CHOICE CHOICE 37.835
u30 CHOICE CHOICE 44.453
a24 ANSWER CHOICE 50.682
a55 ANSWER CHOICE 68.574
a59 CHOICE CHOICE 34.116
a27 CHOICE CHOICE 28.934
a43 CHOICE CHOICE 51.229
a37 CHOICE CHOICE 57.137
a48 ANSWER CHOICE 12.579
u26 CHOICE CHOICE 64.447
a32 CHOICE CHOICE 84.387
a30 CHOICE CHOICE 175.154
a56 UNKNOWN_NO_FIXED_POINT None 0.026
u24 UNKNOWN_NO_FIXED_POINT None 0.111
a05 CHOICE CHOICE 24.489
a47 CHOICE CHOICE 57.059
a21 UNKNOWN_NO_FIXED_POINT None 0.027
a31 UNKNOWN_NO_FIXED_POINT None 0.027
a35 UNKNOWN_NO_FIXED_POINT None 0.1
u23 UNKNOWN_NO_FIXED_POINT None 0.026
a29 UNKNOWN_NO_FIXED_POINT None 0.024
a40 UNKNOWN_NO_FIXED_POINT None 0.104
a33 CHOICE CHOICE 118.25
a26 UNKNOWN_NO_FIXED_POINT None 0.099
a01 CHOICE CHOICE 54.553
a50 UNKNOWN_NO_FIXED_POINT None 0.108
u21 CHOICE CHOICE 54.852
a18 ANSWER ANSWER 0.013
a49 ANSWER ANSWER 43.925
a41 ANSWER ANSWER 43.67
u04 ANSWER CHOICE 0.018
a45 ANSWER ANSWER 0.014
a46 CHOICE CHOICE 15.918
a17 ANSWER ANSWER 43.926
u15 ANSWER ANSWER 44.248
a25 CHOICE CHOICE 43.212
a22 ANSWER CHOICE 0.027
u03 CHOICE CHOICE 286.595
u27 CHOICE CHOICE 26.053
u25 CHOICE CHOICE 53.569
u28 ANSWER ANSWER 0.02
a07 ANSWER ANSWER 0.014
a12 ANSWER ANSWER 0.018
a13 ANSWER ANSWER 21.048
u09 CHOICE CHOICE 21.91
a51 ANSWER ANSWER 0.012
a52 ANSWER CHOICE 0.013
a54 ANSWER ANSWER 0.015
a58 ANSWER ANSWER 0.018
u10 UNKNOWN_NO_EVIDENCE None 0.006
a02 ANSWER ANSWER 0.011
a11 CHOICE CHOICE 313.123
u19 CHOICE CHOICE 313.951
a20 ANSWER CHOICE 0.017
a28 ANSWER ANSWER 0.011
a39 ANSWER CHOICE 0.028
a53 ANSWER ANSWER 0.013
a34 CHOICE CHOICE 52.87
u20 UNKNOWN_NO_EVIDENCE None 0.006
u22 ANSWER ANSWER 0.016
a03 UNKNOWN_NO_FIXED_POINT None 0.074
a15 CHOICE CHOICE 25.991
a44 CHOICE CHOICE 42.246
u05 UNKNOWN_NO_EVIDENCE None 0.006
a09 CHOICE CHOICE 55.226
u11 UNKNOWN_NO_EVIDENCE None 0.006
a06 UNKNOWN_NO_EVIDENCE None 0.02
a60 CHOICE CHOICE 49.671
a04 CHOICE CHOICE 55.817
a42 UNKNOWN_NO_EVIDENCE None 0.014
a23 CHOICE CHOICE 201.925
u01 UNKNOWN_NO_EVIDENCE None 0.006
u02 UNKNOWN_NO_EVIDENCE None 0.006
u06 UNKNOWN_NO_EVIDENCE None 0.007
u07 UNKNOWN_NO_EVIDENCE None 0.007
u08 UNKNOWN_NO_EVIDENCE None 0.006
u12 UNKNOWN_NO_EVIDENCE None 0.007
u13 UNKNOWN_NO_EVIDENCE None 0.006
u16 UNKNOWN_NO_EVIDENCE None 0.006
u17 UNKNOWN_NO_EVIDENCE None 0.006
u18 UNKNOWN_NO_EVIDENCE None 0.006
a08 CHOICE CHOICE 31.491
u14 UNKNOWN_NO_EVIDENCE None 0.012
a36 CHOICE CHOICE 41.417
u29 CHOICE CHOICE 41.441
a38 CHOICE CHOICE 98.717
a14 CHOICE CHOICE 50.91
a57 CHOICE CHOICE 61.716
a10 CHOICE CHOICE 76.556
a19 CHOICE CHOICE 115.476
TOTAL wall 479.5 s 90 questions 8 workers
