a55 ANSWER CHOICE 39.004
a16 ANSWER CHOICE 39.29
u30 CHOICE CHOICE 48.286
a24 ANSWER CHOICE 54.799
a30 AMBIGUOUS None 55.175
a59 ANSWER CHOICE 34.824
a32 AMBIGUOUS None 19.85
a43 CHOICE CHOICE 36.193
a27 CHOICE CHOICE 29.26
a37 CHOICE CHOICE 25.362
a05 CHOICE CHOICE 5.376
a23 UNKNOWN_NO_FIXED_POINT None 2.417
a56 UNKNOWN_NO_FIXED_POINT None 0.023
u24 UNKNOWN_NO_FIXED_POINT None 0.019
a01 UNKNOWN_NO_FIXED_POINT None 0.024
u21 UNKNOWN_NO_FIXED_POINT None 0.025
a21 UNKNOWN_NO_FIXED_POINT None 0.024
a31 UNKNOWN_NO_FIXED_POINT None 0.026
a35 UNKNOWN_NO_FIXED_POINT None 0.019
u23 UNKNOWN_NO_FIXED_POINT None 0.021
a29 UNKNOWN_NO_FIXED_POINT None 0.021
a40 UNKNOWN_NO_FIXED_POINT None 0.019
a49 ANSWER ANSWER 0.015
a26 UNKNOWN_NO_FIXED_POINT None 0.019
a41 ANSWER ANSWER 0.015
a50 UNKNOWN_NO_FIXED_POINT None 0.019
a17 ANSWER ANSWER 0.015
a18 ANSWER ANSWER 0.009
a46 ANSWER ANSWER 0.013
u15 ANSWER ANSWER 0.015
u04 ANSWER CHOICE 0.014
a45 ANSWER ANSWER 0.01
a25 UNKNOWN_NO_EVIDENCE None 0.012
u25 UNKNOWN_NO_EVIDENCE None 0.012
u27 ANSWER ANSWER 0.008
a13 ANSWER ANSWER 0.012
a22 ANSWER ANSWER 0.012
a34 UNKNOWN_NO_EVIDENCE None 0.01
u09 ANSWER ANSWER 0.011
a09 UNKNOWN_NO_EVIDENCE None 0.009
u28 UNKNOWN_NO_EVIDENCE None 0.01
a07 ANSWER ANSWER 0.01
a12 ANSWER ANSWER 0.009
a38 UNKNOWN_NO_EVIDENCE None 0.007
a44 UNKNOWN_NO_EVIDENCE None 0.007
a51 ANSWER ANSWER 0.008
a48 ANSWER CHOICE 13.263
a52 ANSWER CHOICE 0.009
a54 ANSWER ANSWER 0.01
a58 ANSWER ANSWER 0.009
u10 UNKNOWN_NO_EVIDENCE None 0.005
a02 ANSWER ANSWER 0.007
a04 UNKNOWN_NO_EVIDENCE None 0.008
a15 ANSWER ANSWER 0.008
a20 ANSWER ANSWER 0.009
a28 ANSWER ANSWER 0.008
a39 ANSWER ANSWER 0.009
a53 ANSWER ANSWER 0.008
u20 UNKNOWN_NO_EVIDENCE None 0.005
a60 ANSWER ANSWER 0.009
u22 ANSWER ANSWER 0.008
a03 UNKNOWN_NO_EVIDENCE None 0.007
a08 UNKNOWN_NO_EVIDENCE None 0.007
a36 UNKNOWN_NO_EVIDENCE None 0.007
u05 UNKNOWN_NO_EVIDENCE None 0.005
u29 UNKNOWN_NO_EVIDENCE None 0.007
u11 UNKNOWN_NO_EVIDENCE None 0.005
a06 UNKNOWN_NO_EVIDENCE None 0.006
a14 UNKNOWN_NO_EVIDENCE None 0.005
a19 UNKNOWN_NO_EVIDENCE None 0.005
a42 UNKNOWN_NO_EVIDENCE None 0.005
a57 UNKNOWN_NO_EVIDENCE None 0.005
u01 UNKNOWN_NO_EVIDENCE None 0.005
u02 UNKNOWN_NO_EVIDENCE None 0.005
u06 UNKNOWN_NO_EVIDENCE None 0.004
u08 UNKNOWN_NO_EVIDENCE None 0.004
u07 UNKNOWN_NO_EVIDENCE None 0.005
u12 UNKNOWN_NO_EVIDENCE None 0.004
u13 UNKNOWN_NO_EVIDENCE None 0.005
u16 UNKNOWN_NO_EVIDENCE None 0.004
u17 UNKNOWN_NO_EVIDENCE None 0.005
u18 UNKNOWN_NO_EVIDENCE None 0.004
a10 UNKNOWN_NO_EVIDENCE None 0.005
u14 UNKNOWN_NO_EVIDENCE None 0.004
u26 CHOICE CHOICE 13.905
a47 ANSWER CHOICE 11.443
a33 CHOICE CHOICE 17.425
a11 CHOICE CHOICE 104.415
u19 CHOICE CHOICE 104.637
u03 CHOICE CHOICE 175.75
TOTAL wall 176.1 s 90 questions 8 workers
