a01 494.87 ANSWER ['は']
a02 498.96 ANSWER ['は']
a03 498.64 ANSWER ['は']
a04 495.42 ANSWER ['は']
a05 520.73 CHOICE ['たづるはま', 'はとりじんじゃ']
a06 535.32 CHOICE ['たづるはま', 'はとりじんじゃ']
a07 492.97 ANSWER ['は']
a08 491.21 ANSWER ['は']
a09 494.81 ANSWER ['は']
a10 490.88 ANSWER ['は']
a11 477.46 ANSWER ['は']
a12 487.01 CHOICE ['たづるはま', 'はとりじんじゃ']
a13 503.8 ANSWER ['は']
a14 490.2 ANSWER ['は']
a15 478.88 ANSWER ['は']
a16 509.3 CHOICE ['たづるはま', 'はとりじんじゃ']
a17 538.04 CHOICE ['たづるはま', 'はとりじんじゃ']
a18 482.98 ANSWER ['は']
a19 499.61 ANSWER ['は']
a20 493.0 ANSWER ['は']
a21 480.62 ANSWER ['は']
a22 488.63 ANSWER ['は']
a23 487.47 ANSWER ['は']
a24 476.21 ANSWER ['は']
a25 486.19 ANSWER ['は']
a26 481.71 ANSWER ['は']
a27 489.23 ANSWER ['は']
a28 481.26 ANSWER ['は']
a29 479.75 ANSWER ['は']
a30 486.61 ANSWER ['は']
a31 474.08 ANSWER ['は']
a32 496.59 CHOICE ['たづるはま', 'はとりじんじゃ']
a33 480.78 ANSWER ['は']
a34 476.74 ANSWER ['は']
a35 473.75 ANSWER ['は']
a36 478.24 ANSWER ['は']
a37 485.88 CHOICE ['たづるはま', 'はとりじんじゃ']
a38 466.76 ANSWER ['は']
a39 459.99 ANSWER ['は']
a40 451.94 ANSWER ['は']
a41 500.95 CHOICE ['たづるはま', 'はとりじんじゃ']
a42 457.78 ANSWER ['は']
a43 456.28 ANSWER ['は']
a44 456.03 ANSWER ['は']
a45 461.7 ANSWER ['は']
a46 443.71 ANSWER ['は']
a47 433.8 ANSWER ['は']
a48 433.38 ANSWER ['は']
a49 487.84 CHOICE ['たづるはま', 'はとりじんじゃ']
a50 437.0 ANSWER ['は']
a51 444.33 ANSWER ['は']
a52 437.07 ANSWER ['は']
a53 443.21 ANSWER ['は']
a54 485.78 CHOICE ['たづるはま', 'はとりじんじゃ']
a55 433.11 CHOICE ['たづるはま', 'はとりじんじゃ']
a56 433.18 ANSWER ['は']
a57 438.42 ANSWER ['は']
a58 438.19 CHOICE ['たづるはま', 'はとりじんじゃ']
a59 428.83 ANSWER ['は']
a60 431.77 ANSWER ['は']
u01 429.86 UNKNOWN_NO_EVIDENCE []
u02 431.87 UNKNOWN_NO_EVIDENCE []
u03 462.93 ANSWER ['は']
u04 491.1 CHOICE ['たづるはま', 'はとりじんじゃ']
u05 438.56 UNKNOWN_NO_EVIDENCE []
u06 442.75 UNKNOWN_NO_EVIDENCE []
u07 442.86 UNKNOWN_NO_EVIDENCE []
u08 436.99 UNKNOWN_NO_EVIDENCE []
u09 466.57 CHOICE ['たづるはま', 'はとりじんじゃ']
u10 436.7 UNKNOWN_NO_EVIDENCE []
u11 437.31 UNKNOWN_NO_EVIDENCE []
u12 441.19 UNKNOWN_NO_EVIDENCE []
u13 438.7 UNKNOWN_NO_EVIDENCE []
u14 437.14 UNKNOWN_NO_EVIDENCE []
u15 488.75 ANSWER ['は']
u16 435.48 UNKNOWN_NO_EVIDENCE []
u17 436.37 UNKNOWN_NO_EVIDENCE []
u18 435.29 UNKNOWN_NO_EVIDENCE []
u19 417.69 ANSWER ['は']
u20 435.27 UNKNOWN_NO_EVIDENCE []
u21 462.98 ANSWER ['は']
u22 453.09 ANSWER ['は']
u23 476.34 ANSWER ['は']
u24 452.52 ANSWER ['は']
u25 499.4 CHOICE ['たづるはま', 'はとりじんじゃ']
u26 447.61 CHOICE ['たづるはま', 'はとりじんじゃ']
u27 491.83 CHOICE ['たづるはま', 'はとりじんじゃ']
u28 483.78 ANSWER ['は']
u29 470.88 CHOICE ['たづるはま', 'はとりじんじゃ']
u30 408.08 CHOICE ['たづるはま', 'はとりじんじゃ']
TOTAL wall 4749.4 s; sum per-question 42068.8
/opt/homebrew/Cellar/python@3.11/3.11.14_1/Frameworks/Python.framework/Versions/3.11/lib/python3.11/multiprocessing/resource_tracker.py:254: UserWarning: resource_tracker: There appear to be 6 leaked semaphore objects to clean up at shutdown
  warnings.warn('resource_tracker: There appear to be %d '
