50/592 windows placed (8 s)
100/592 windows placed (13 s)
150/592 windows placed (20 s)
200/592 windows placed (28 s)
250/592 windows placed (37 s)
300/592 windows placed (43 s)
350/592 windows placed (51 s)
400/592 windows placed (58 s)
450/592 windows placed (63 s)
500/592 windows placed (74 s)
550/592 windows placed (82 s)
window index load 88.1s; 592 windows; corpus 725d5ac1a8d2 slide 3df141b12327 place 07db87511ff1; 94 questions; workers 6; PYTHONHASHSEED=0
94 to do, 0 kept from an earlier run
1/94 I2-002 0.0s UNKNOWN_NOT_READ windows 0/32 entries 0 load 6.9
2/94 I2-006 0.2s UNKNOWN_SECTION_DISAGREEMENT windows 4/8 entries 0 load 6.9
3/94 I2-003 0.2s UNKNOWN_SECTION_DISAGREEMENT windows 4/8 entries 0 load 6.9
4/94 I2-004 0.2s UNKNOWN_SECTION_DISAGREEMENT windows 4/8 entries 0 load 6.9
5/94 I2-005 0.2s UNKNOWN_SECTION_DISAGREEMENT windows 4/8 entries 0 load 6.9
6/94 I2-001 0.3s UNKNOWN_RATIO_DISAGREEMENT windows 3/3 entries 0 load 6.9
7/94 I2-012 0.0s UNKNOWN_NOT_READ windows 0/35 entries 0 load 6.9
8/94 I2-011 0.1s UNKNOWN_RATIO_DISAGREEMENT windows 3/21 entries 0 load 6.9
9/94 I2-010 0.6s UNKNOWN_SECTION_DISAGREEMENT windows 2/2 entries 0 load 6.9
10/94 I2-015 0.0s UNKNOWN_NOT_READ windows 0/13 entries 0 load 6.9
11/94 I2-013 0.6s UNKNOWN_RATIO_DISAGREEMENT windows 4/4 entries 0 load 6.9
12/94 I2-014 0.5s UNKNOWN_RATIO_DISAGREEMENT windows 3/3 entries 0 load 6.9
13/94 I2-018 0.0s UNKNOWN_NOT_READ windows 0/32 entries 0 load 6.9
14/94 I2-007 0.9s UNKNOWN_RATIO_DISAGREEMENT windows 4/8 entries 0 load 6.9
15/94 I2-019 0.5s UNKNOWN_RATIO_DISAGREEMENT windows 3/3 entries 0 load 7.0
16/94 I2-008 1.2s UNKNOWN_RATIO_DISAGREEMENT windows 3/7 entries 0 load 7.0
17/94 I2-020 0.7s UNKNOWN_SECTION_DISAGREEMENT windows 3/3 entries 0 load 7.0
18/94 I2-016 1.1s UNKNOWN_RATIO_DISAGREEMENT windows 3/5 entries 0 load 7.0
19/94 I2-021 0.6s UNKNOWN_RATIO_DISAGREEMENT windows 2/5 entries 0 load 7.0
20/94 I2-009 1.8s UNKNOWN_RATIO_DISAGREEMENT windows 4/8 entries 0 load 7.0
21/94 I2-017 1.2s UNKNOWN_SECTION_DISAGREEMENT windows 4/6 entries 0 load 7.0
22/94 I2-027 0.0s UNKNOWN_NOT_READ windows 0/32 entries 0 load 7.0
23/94 I2-023 0.5s UNKNOWN_SECTION_DISAGREEMENT windows 2/2 entries 0 load 7.0
24/94 I2-028 0.0s UNKNOWN_NOT_READ windows 0/31 entries 0 load 7.0
25/94 I2-026 0.2s UNKNOWN_RATIO_DISAGREEMENT windows 4/6 entries 0 load 7.0
26/94 I2-022 1.0s UNKNOWN_RATIO_DISAGREEMENT windows 2/5 entries 0 load 7.0
27/94 I2-030 0.4s UNKNOWN_RATIO_DISAGREEMENT windows 4/4 entries 0 load 7.0
28/94 I2-029 0.6s ANSWER windows 3/3 entries 1 load 7.0
29/94 I2-032 0.6s UNKNOWN_RATIO_DISAGREEMENT windows 3/5 entries 0 load 7.0
30/94 I2-033 0.4s UNKNOWN_RATIO_DISAGREEMENT windows 4/5 entries 0 load 7.0
31/94 I2-035 0.4s UNKNOWN_RATIO_DISAGREEMENT windows 2/2 entries 0 load 7.0
32/94 I2-024 1.6s ANSWER windows 4/10 entries 1 load 7.0
33/94 I2-025 1.8s UNKNOWN_RATIO_DISAGREEMENT windows 4/14 entries 0 load 7.0
34/94 I2-039 0.0s UNKNOWN_SECTION_DISAGREEMENT windows 1/1 entries 0 load 7.0
35/94 I2-040 0.0s UNKNOWN_SECTION_DISAGREEMENT windows 1/1 entries 0 load 7.0
36/94 I2-036 0.8s UNKNOWN_RATIO_DISAGREEMENT windows 4/4 entries 0 load 7.0
37/94 I2-031 1.7s UNKNOWN_RATIO_DISAGREEMENT windows 4/4 entries 0 load 7.0
38/94 I2-043 0.2s UNKNOWN_NOT_READ windows 0/14 entries 0 load 7.0
39/94 I2-037 0.9s UNKNOWN_RATIO_DISAGREEMENT windows 4/10 entries 0 load 7.0
40/94 I2-042 0.7s UNKNOWN_RATIO_DISAGREEMENT windows 4/6 entries 0 load 7.0
41/94 I2-034 1.8s UNKNOWN_RATIO_DISAGREEMENT windows 3/3 entries 0 load 7.0
42/94 I2-045 0.4s UNKNOWN_RATIO_DISAGREEMENT windows 3/15 entries 0 load 7.0
43/94 I2-041 1.3s UNKNOWN_RATIO_DISAGREEMENT windows 4/13 entries 0 load 7.0
44/94 I2-046 0.6s UNKNOWN_RATIO_DISAGREEMENT windows 4/4 entries 0 load 7.0
45/94 I2-038 1.7s UNKNOWN_RATIO_DISAGREEMENT windows 3/9 entries 0 load 7.0
46/94 I2-047 1.1s UNKNOWN_RATIO_DISAGREEMENT windows 4/4 entries 0 load 7.0
47/94 I2-048 0.9s UNKNOWN_RATIO_DISAGREEMENT windows 4/9 entries 0 load 7.0
48/94 UF-003 0.1s UNKNOWN_SECTION_DISAGREEMENT windows 1/1 entries 0 load 7.0
49/94 UF-004 0.2s UNKNOWN_SECTION_DISAGREEMENT windows 1/1 entries 0 load 7.0
50/94 I2-044 1.8s UNKNOWN_RATIO_DISAGREEMENT windows 4/9 entries 0 load 7.0
51/94 UF-007 0.0s UNKNOWN_RATIO_DISAGREEMENT windows 4/17 entries 0 load 7.0
52/94 UF-001 0.8s UNKNOWN_RATIO_DISAGREEMENT windows 4/5 entries 0 load 7.0
53/94 I2-050 1.0s UNKNOWN_RATIO_DISAGREEMENT windows 3/8 entries 0 load 7.0
54/94 UF-005 0.6s UNKNOWN_RATIO_DISAGREEMENT windows 3/3 entries 0 load 7.0
55/94 UF-006 0.6s UNKNOWN_RATIO_DISAGREEMENT windows 3/3 entries 0 load 7.0
56/94 UF-012 0.0s UNKNOWN_RATIO_DISAGREEMENT windows 1/1 entries 0 load 7.0
57/94 UF-008 0.6s UNKNOWN_RATIO_DISAGREEMENT windows 1/1 entries 0 load 7.0
58/94 UF-010 0.7s UNKNOWN_RATIO_DISAGREEMENT windows 4/11 entries 0 load 7.0
59/94 UF-011 0.6s UNKNOWN_RATIO_DISAGREEMENT windows 3/9 entries 0 load 7.0
60/94 UF-013 0.8s UNKNOWN_RATIO_DISAGREEMENT windows 3/3 entries 0 load 7.0
61/94 UF-002 2.1s UNKNOWN_RATIO_DISAGREEMENT windows 3/3 entries 0 load 7.0
62/94 UF-017 0.0s UNKNOWN_NOT_READ windows 0/19 entries 0 load 7.0
63/94 UF-015 0.5s UNKNOWN_RATIO_DISAGREEMENT windows 4/6 entries 0 load 7.0
64/94 UF-014 0.9s UNKNOWN_SECTION_DISAGREEMENT windows 3/3 entries 0 load 7.0
65/94 UF-018 0.3s UNKNOWN_RATIO_DISAGREEMENT windows 1/1 entries 0 load 7.0
66/94 UF-009 1.7s UNKNOWN_RATIO_DISAGREEMENT windows 3/3 entries 0 load 7.0
67/94 R2-I003 0.3s UNKNOWN_RATIO_DISAGREEMENT windows 1/1 entries 0 load 7.0
68/94 R2-I004 0.2s UNKNOWN_RATIO_DISAGREEMENT windows 4/8 entries 0 load 7.0
69/94 R2-I002 0.7s UNKNOWN_RATIO_DISAGREEMENT windows 4/6 entries 0 load 7.0
70/94 R2-I001 1.1s UNKNOWN_RATIO_DISAGREEMENT windows 4/4 entries 0 load 7.0
71/94 UF-016 1.7s UNKNOWN_RATIO_DISAGREEMENT windows 4/7 entries 0 load 7.0
72/94 R2-I007 0.3s UNKNOWN_RATIO_DISAGREEMENT windows 1/1 entries 0 load 7.0
73/94 R2-I005 0.7s ANSWER windows 3/3 entries 1 load 7.0
74/94 UF-019 1.7s UNKNOWN_RATIO_DISAGREEMENT windows 3/3 entries 0 load 7.0
75/94 UF-020 1.8s UNKNOWN_RATIO_DISAGREEMENT windows 4/19 entries 0 load 7.0
76/94 R2-I010 0.7s UNKNOWN_RATIO_DISAGREEMENT windows 4/14 entries 0 load 7.0
77/94 R2-I013 0.0s UNKNOWN_NOT_READ windows 0/18 entries 0 load 7.0
78/94 R2-I012 0.6s UNKNOWN_RATIO_DISAGREEMENT windows 1/1 entries 0 load 7.0
79/94 R2-I014 0.0s UNKNOWN_RATIO_DISAGREEMENT windows 1/1 entries 0 load 7.0
80/94 R2-I016 0.1s ANSWER windows 3/3 entries 1 load 7.0
81/94 R2-I006 1.5s UNKNOWN_RATIO_DISAGREEMENT windows 3/5 entries 0 load 7.0
82/94 R2-I008 1.7s UNKNOWN_RATIO_DISAGREEMENT windows 4/5 entries 0 load 7.0
83/94 R2-I018 0.6s UNKNOWN_RATIO_DISAGREEMENT windows 1/23 entries 0 load 7.0
84/94 R2-I011 1.5s UNKNOWN_RATIO_DISAGREEMENT windows 3/6 entries 0 load 7.0
85/94 R2-I015 1.0s UNKNOWN_RATIO_DISAGREEMENT windows 4/9 entries 0 load 7.0
86/94 R2-U001 0.3s UNKNOWN_RATIO_DISAGREEMENT windows 4/9 entries 0 load 7.0
87/94 R2-I020 0.7s ANSWER windows 4/8 entries 1 load 6.9
88/94 R2-U004 0.0s UNKNOWN_RATIO_DISAGREEMENT windows 1/1 entries 0 load 6.9
89/94 R2-U003 0.2s UNKNOWN_RATIO_DISAGREEMENT windows 1/1 entries 0 load 6.9
90/94 R2-I019 0.8s UNKNOWN_RATIO_DISAGREEMENT windows 2/2 entries 0 load 6.9
91/94 R2-U002 0.6s UNKNOWN_RATIO_DISAGREEMENT windows 3/3 entries 0 load 6.9
92/94 R2-I017 1.7s ANSWER windows 4/6 entries 1 load 6.9
93/94 R2-I009 3.2s UNKNOWN_RATIO_DISAGREEMENT windows 4/10 entries 0 load 6.9
94/94 R2-U005 1.2s UNKNOWN_RATIO_DISAGREEMENT windows 3/3 entries 0 load 6.9
done 94 (0 errors) in 101s
window index load 1.1s; 592 windows; corpus 725d5ac1a8d2 slide 3df141b12327 place 07db87511ff1; 94 questions; workers 6; PYTHONHASHSEED=0
94 to do, 0 kept from an earlier run
1/94 I2-002 0.0s UNKNOWN_NOT_READ windows 0/32 entries 0 load 6.9
2/94 I2-006 0.2s UNKNOWN_RATIO_DISAGREEMENT windows 4/8 entries 0 load 6.9
3/94 I2-004 0.2s UNKNOWN_RATIO_DISAGREEMENT windows 4/8 entries 0 load 6.9
4/94 I2-005 0.2s UNKNOWN_RATIO_DISAGREEMENT windows 4/8 entries 0 load 6.9
5/94 I2-003 0.2s UNKNOWN_RATIO_DISAGREEMENT windows 4/8 entries 0 load 6.9
6/94 I2-001 0.3s CHOICE windows 3/3 entries 2 load 6.9
7/94 I2-012 0.0s UNKNOWN_NOT_READ windows 0/35 entries 0 load 6.9
8/94 I2-011 0.1s CHOICE windows 3/21 entries 2 load 6.9
9/94 I2-010 0.5s UNKNOWN_RATIO_DISAGREEMENT windows 2/2 entries 0 load 6.9
10/94 I2-015 0.0s UNKNOWN_NOT_READ windows 0/13 entries 0 load 6.9
11/94 I2-014 0.5s ANSWER windows 3/3 entries 1 load 6.9
12/94 I2-007 0.8s UNKNOWN_RATIO_DISAGREEMENT windows 4/8 entries 0 load 6.9
13/94 I2-013 0.5s CHOICE windows 4/4 entries 2 load 6.9
14/94 I2-018 0.0s UNKNOWN_NOT_READ windows 0/32 entries 0 load 6.9
15/94 I2-008 1.1s ANSWER windows 3/7 entries 1 load 6.9
16/94 I2-019 0.5s UNKNOWN_RATIO_DISAGREEMENT windows 3/3 entries 0 load 6.9
17/94 I2-020 0.7s ANSWER windows 3/3 entries 1 load 6.9
18/94 I2-016 0.9s ANSWER windows 3/5 entries 1 load 6.9
19/94 I2-009 1.6s UNKNOWN_RATIO_DISAGREEMENT windows 4/8 entries 0 load 6.9
20/94 I2-021 0.6s CHOICE windows 2/5 entries 2 load 6.9
21/94 I2-023 0.4s UNKNOWN_RATIO_DISAGREEMENT windows 2/2 entries 0 load 6.9
22/94 I2-027 0.0s UNKNOWN_NOT_READ windows 0/32 entries 0 load 6.9
23/94 I2-017 1.2s CHOICE windows 4/6 entries 6 load 6.9
24/94 I2-028 0.0s UNKNOWN_NOT_READ windows 0/31 entries 0 load 6.9
25/94 I2-026 0.2s CHOICE windows 4/6 entries 3 load 6.9
26/94 I2-022 0.9s CHOICE windows 2/5 entries 3 load 6.9
27/94 I2-030 0.4s UNKNOWN_RATIO_DISAGREEMENT windows 4/4 entries 0 load 6.9
28/94 I2-033 0.2s CHOICE windows 4/5 entries 2 load 6.9
29/94 I2-029 0.6s ANSWER windows 3/3 entries 1 load 6.9
30/94 I2-032 0.5s ANSWER windows 3/5 entries 1 load 6.9
31/94 I2-035 0.3s UNKNOWN_RATIO_DISAGREEMENT windows 2/2 entries 0 load 6.9
32/94 I2-024 1.8s CHOICE windows 4/10 entries 2 load 6.9
33/94 I2-025 1.8s UNKNOWN_RATIO_DISAGREEMENT windows 4/14 entries 0 load 6.9
34/94 I2-036 0.8s UNKNOWN_RATIO_DISAGREEMENT windows 4/4 entries 0 load 6.9
35/94 I2-039 0.0s UNKNOWN_RATIO_DISAGREEMENT windows 1/1 entries 0 load 6.9
36/94 I2-040 0.2s UNKNOWN_RATIO_DISAGREEMENT windows 1/1 entries 0 load 6.9
37/94 I2-031 1.8s UNKNOWN_RATIO_DISAGREEMENT windows 4/4 entries 0 load 6.9
38/94 I2-043 0.0s UNKNOWN_NOT_READ windows 0/14 entries 0 load 6.9
39/94 I2-037 1.1s CHOICE windows 4/10 entries 3 load 6.9
40/94 I2-045 0.3s UNKNOWN_RATIO_DISAGREEMENT windows 3/15 entries 0 load 6.9
41/94 I2-034 1.7s UNKNOWN_RATIO_DISAGREEMENT windows 3/3 entries 0 load 6.9
42/94 I2-042 0.6s ANSWER windows 4/6 entries 1 load 6.9
43/94 I2-041 1.3s UNKNOWN_RATIO_DISAGREEMENT windows 4/13 entries 0 load 6.9
44/94 I2-046 0.6s ANSWER windows 4/4 entries 1 load 6.9
45/94 I2-038 1.7s CHOICE windows 3/9 entries 2 load 6.9
46/94 I2-047 0.9s ANSWER windows 4/4 entries 1 load 6.9
47/94 I2-048 0.9s ANSWER windows 4/9 entries 1 load 6.9
48/94 UF-004 0.0s UNKNOWN_SECTION_DISAGREEMENT windows 1/1 entries 0 load 6.9
49/94 UF-003 0.1s ANSWER windows 1/1 entries 1 load 6.9
50/94 I2-044 1.8s CHOICE windows 4/9 entries 2 load 6.9
51/94 UF-007 0.0s UNKNOWN_RATIO_DISAGREEMENT windows 4/17 entries 0 load 6.9
52/94 UF-001 0.8s UNKNOWN_RATIO_DISAGREEMENT windows 4/5 entries 0 load 6.9
53/94 I2-050 1.0s CHOICE windows 3/8 entries 3 load 6.9
54/94 UF-005 0.6s CHOICE windows 3/3 entries 5 load 6.9
55/94 UF-006 0.6s UNKNOWN_RATIO_DISAGREEMENT windows 3/3 entries 0 load 6.9
56/94 UF-012 0.0s UNKNOWN_RATIO_DISAGREEMENT windows 1/1 entries 0 load 6.9
57/94 UF-008 0.5s UNKNOWN_RATIO_DISAGREEMENT windows 1/1 entries 0 load 6.9
58/94 UF-011 0.5s ANSWER windows 3/9 entries 1 load 6.9
59/94 UF-010 0.7s ANSWER windows 4/11 entries 1 load 6.9
60/94 UF-013 0.7s ANSWER windows 3/3 entries 1 load 6.9
61/94 UF-017 0.0s UNKNOWN_NOT_READ windows 0/19 entries 0 load 6.9
62/94 UF-015 0.3s ANSWER windows 4/6 entries 1 load 6.9
63/94 UF-002 1.8s ANSWER windows 3/3 entries 1 load 6.9
64/94 UF-018 0.3s UNKNOWN_RATIO_DISAGREEMENT windows 1/1 entries 0 load 7.0
65/94 UF-014 0.8s ANSWER windows 3/3 entries 1 load 7.0
66/94 UF-009 1.6s CHOICE windows 3/3 entries 4 load 7.0
67/94 R2-I003 0.3s UNKNOWN_RATIO_DISAGREEMENT windows 1/1 entries 0 load 7.0
68/94 R2-I004 0.0s UNKNOWN_RATIO_DISAGREEMENT windows 4/8 entries 0 load 7.0
69/94 R2-I002 0.6s ANSWER windows 4/6 entries 1 load 7.0
70/94 UF-016 1.6s CHOICE windows 4/7 entries 7 load 7.0
71/94 R2-I005 0.6s CHOICE windows 3/3 entries 6 load 7.0
72/94 R2-I001 1.3s UNKNOWN_RATIO_DISAGREEMENT windows 4/4 entries 0 load 7.0
73/94 UF-019 1.7s CHOICE windows 3/3 entries 6 load 7.0
74/94 R2-I007 0.3s UNKNOWN_RATIO_DISAGREEMENT windows 1/1 entries 0 load 7.0
75/94 UF-020 1.9s UNKNOWN_RATIO_DISAGREEMENT windows 4/19 entries 0 load 7.0
76/94 R2-I010 0.5s CHOICE windows 4/14 entries 3 load 7.0
77/94 R2-I013 0.2s UNKNOWN_NOT_READ windows 0/18 entries 0 load 7.0
78/94 R2-I014 0.0s UNKNOWN_RATIO_DISAGREEMENT windows 1/1 entries 0 load 7.0
79/94 R2-I006 1.5s CHOICE windows 3/5 entries 2 load 7.0
80/94 R2-I016 0.1s ANSWER windows 3/3 entries 1 load 7.0
81/94 R2-I012 0.6s UNKNOWN_RATIO_DISAGREEMENT windows 1/1 entries 0 load 7.0
82/94 R2-I018 0.6s CHOICE windows 1/23 entries 3 load 7.0
83/94 R2-I008 1.6s CHOICE windows 4/5 entries 4 load 7.0
84/94 R2-I011 1.4s UNKNOWN_RATIO_DISAGREEMENT windows 3/6 entries 0 load 7.0
85/94 R2-I015 0.8s ANSWER windows 4/9 entries 1 load 7.0
86/94 R2-U001 0.2s ANSWER windows 4/9 entries 1 load 7.0
87/94 R2-U003 0.4s CHOICE windows 1/1 entries 2 load 7.0
88/94 R2-U004 0.0s UNKNOWN_RATIO_DISAGREEMENT windows 1/1 entries 0 load 7.0
89/94 R2-U002 0.6s ANSWER windows 3/3 entries 1 load 7.0
90/94 R2-I020 0.7s CHOICE windows 4/8 entries 3 load 7.0
91/94 R2-I019 0.8s UNKNOWN_RATIO_DISAGREEMENT windows 2/2 entries 0 load 7.0
92/94 R2-I017 1.7s ANSWER windows 4/6 entries 1 load 7.0
93/94 R2-I009 3.2s CHOICE windows 4/10 entries 2 load 7.0
94/94 R2-U005 1.1s CHOICE windows 3/3 entries 9 load 7.0
done 94 (0 errors) in 13s
50/592 windows placed (5 s)
100/592 windows placed (9 s)
150/592 windows placed (16 s)
200/592 windows placed (20 s)
250/592 windows placed (25 s)
300/592 windows placed (32 s)
350/592 windows placed (36 s)
400/592 windows placed (40 s)
450/592 windows placed (44 s)
500/592 windows placed (53 s)
550/592 windows placed (60 s)
window index load 66.0s; 592 windows; corpus 725d5ac1a8d2 slide 6b36bcb7306d place 9280bce0035a; 94 questions; workers 6; PYTHONHASHSEED=0
94 to do, 0 kept from an earlier run
1/94 I2-002 0.2s UNKNOWN_NOT_READ windows 0/32 entries 0 load 6.2
2/94 I2-001 0.3s UNKNOWN_RATIO_DISAGREEMENT windows 3/3 entries 0 load 6.2
3/94 I2-006 0.4s UNKNOWN_RATIO_DISAGREEMENT windows 4/8 entries 0 load 6.2
4/94 I2-003 0.4s UNKNOWN_RATIO_DISAGREEMENT windows 4/8 entries 0 load 6.2
5/94 I2-004 0.4s UNKNOWN_RATIO_DISAGREEMENT windows 4/8 entries 0 load 6.2
6/94 I2-005 0.4s UNKNOWN_RATIO_DISAGREEMENT windows 4/8 entries 0 load 6.2
7/94 I2-007 0.2s UNKNOWN_RATIO_DISAGREEMENT windows 4/9 entries 0 load 6.2
8/94 I2-012 0.1s UNKNOWN_NOT_READ windows 0/35 entries 0 load 6.2
9/94 I2-011 0.1s UNKNOWN_RATIO_DISAGREEMENT windows 3/23 entries 0 load 6.2
10/94 I2-015 0.0s UNKNOWN_NOT_READ windows 0/14 entries 0 load 6.2
11/94 I2-014 0.1s UNKNOWN_RATIO_DISAGREEMENT windows 3/3 entries 0 load 6.2
12/94 I2-010 0.2s UNKNOWN_NO_EVIDENCE windows 2/2 entries 0 load 6.2
13/94 I2-018 0.0s UNKNOWN_NOT_READ windows 0/32 entries 0 load 6.2
14/94 I2-013 0.2s UNKNOWN_RATIO_DISAGREEMENT windows 4/4 entries 0 load 6.2
15/94 I2-008 0.4s UNKNOWN_RATIO_DISAGREEMENT windows 3/7 entries 0 load 6.2
16/94 I2-021 0.1s UNKNOWN_RATIO_DISAGREEMENT windows 2/5 entries 0 load 6.2
17/94 I2-016 0.4s UNKNOWN_RATIO_DISAGREEMENT windows 3/6 entries 0 load 6.2
18/94 I2-022 0.2s UNKNOWN_RATIO_DISAGREEMENT windows 2/5 entries 0 load 6.2
19/94 I2-019 0.4s UNKNOWN_RATIO_DISAGREEMENT windows 4/4 entries 0 load 6.2
20/94 I2-009 0.9s UNKNOWN_RATIO_DISAGREEMENT windows 4/8 entries 0 load 6.2
21/94 I2-020 0.7s UNKNOWN_SECTION_DISAGREEMENT windows 3/3 entries 0 load 6.2
22/94 I2-023 0.3s UNKNOWN_SECTION_DISAGREEMENT windows 2/2 entries 0 load 6.2
23/94 I2-027 0.0s UNKNOWN_NOT_READ windows 0/32 entries 0 load 6.2
24/94 I2-028 0.0s UNKNOWN_NOT_READ windows 0/31 entries 0 load 6.2
25/94 I2-029 0.1s ANSWER windows 3/3 entries 1 load 6.2
26/94 I2-030 0.3s UNKNOWN_RATIO_DISAGREEMENT windows 4/4 entries 0 load 6.2
27/94 I2-017 1.2s UNKNOWN_SECTION_DISAGREEMENT windows 4/6 entries 0 load 6.2
28/94 I2-032 0.3s UNKNOWN_SECTION_DISAGREEMENT windows 3/5 entries 0 load 6.2
29/94 I2-024 1.2s ANSWER windows 4/10 entries 1 load 6.2
30/94 I2-025 1.3s UNKNOWN_RATIO_DISAGREEMENT windows 4/14 entries 0 load 6.2
31/94 I2-035 0.1s UNKNOWN_RATIO_DISAGREEMENT windows 2/2 entries 0 load 6.2
32/94 I2-036 0.1s UNKNOWN_RATIO_DISAGREEMENT windows 4/4 entries 0 load 6.2
33/94 I2-026 1.3s UNKNOWN_RATIO_DISAGREEMENT windows 4/7 entries 0 load 6.2
34/94 I2-039 0.0s UNKNOWN_RATIO_DISAGREEMENT windows 1/1 entries 0 load 6.2
35/94 I2-034 0.6s UNKNOWN_RATIO_DISAGREEMENT windows 4/4 entries 0 load 6.2
36/94 I2-040 0.1s UNKNOWN_RATIO_DISAGREEMENT windows 1/1 entries 0 load 6.2
37/94 I2-031 1.2s UNKNOWN_SECTION_DISAGREEMENT windows 4/4 entries 0 load 6.2
38/94 I2-042 0.0s UNKNOWN_NOT_READ windows 0/7 entries 0 load 6.2
39/94 I2-043 0.0s UNKNOWN_NOT_READ windows 0/15 entries 0 load 6.2
40/94 I2-038 0.3s UNKNOWN_RATIO_DISAGREEMENT windows 3/9 entries 0 load 6.2
41/94 I2-045 0.1s UNKNOWN_RATIO_DISAGREEMENT windows 3/15 entries 0 load 6.2
42/94 I2-033 1.1s UNKNOWN_RATIO_DISAGREEMENT windows 4/6 entries 0 load 6.2
43/94 I2-046 0.2s UNKNOWN_RATIO_DISAGREEMENT windows 4/4 entries 0 load 6.2
44/94 I2-048 0.3s UNKNOWN_RATIO_DISAGREEMENT windows 4/9 entries 0 load 6.2
45/94 I2-037 0.9s UNKNOWN_RATIO_DISAGREEMENT windows 4/11 entries 0 load 6.2
46/94 I2-044 0.6s UNKNOWN_RATIO_DISAGREEMENT windows 4/10 entries 0 load 6.2
47/94 UF-003 0.0s UNKNOWN_SECTION_DISAGREEMENT windows 1/1 entries 0 load 6.2
48/94 I2-047 0.6s UNKNOWN_RATIO_DISAGREEMENT windows 4/4 entries 0 load 6.2
49/94 UF-004 0.2s UNKNOWN_SECTION_DISAGREEMENT windows 1/1 entries 0 load 6.2
50/94 UF-005 0.2s UNKNOWN_SECTION_DISAGREEMENT windows 3/3 entries 0 load 6.2
51/94 UF-007 0.0s UNKNOWN_NOT_READ windows 0/18 entries 0 load 6.2
52/94 UF-006 0.4s UNKNOWN_RATIO_DISAGREEMENT windows 3/3 entries 0 load 6.2
53/94 UF-001 0.9s UNKNOWN_RATIO_DISAGREEMENT windows 4/5 entries 0 load 6.2
54/94 UF-008 0.3s UNKNOWN_SECTION_DISAGREEMENT windows 1/1 entries 0 load 6.2
55/94 I2-041 1.6s UNKNOWN_RATIO_DISAGREEMENT windows 4/15 entries 0 load 6.2
56/94 UF-012 0.0s UNKNOWN_RATIO_DISAGREEMENT windows 1/1 entries 0 load 6.2
57/94 UF-009 0.9s UNKNOWN_RATIO_DISAGREEMENT windows 3/3 entries 0 load 6.2
58/94 I2-050 2.0s UNKNOWN_SECTION_DISAGREEMENT windows 4/9 entries 0 load 6.2
59/94 UF-011 0.9s UNKNOWN_RATIO_DISAGREEMENT windows 3/9 entries 0 load 6.2
60/94 UF-002 1.8s UNKNOWN_RATIO_DISAGREEMENT windows 3/3 entries 0 load 6.2
61/94 UF-015 0.2s UNKNOWN_SECTION_DISAGREEMENT windows 4/6 entries 0 load 6.2
62/94 UF-017 0.0s UNKNOWN_NOT_READ windows 0/22 entries 0 load 6.2
63/94 UF-010 1.1s UNKNOWN_RATIO_DISAGREEMENT windows 4/11 entries 0 load 6.2
64/94 UF-013 1.0s UNKNOWN_RATIO_DISAGREEMENT windows 3/3 entries 0 load 6.2
65/94 UF-014 0.6s UNKNOWN_SECTION_DISAGREEMENT windows 3/3 entries 0 load 6.2
66/94 R2-I002 0.0s UNKNOWN_NOT_READ windows 0/7 entries 0 load 6.2
67/94 UF-019 0.5s UNKNOWN_RATIO_DISAGREEMENT windows 3/3 entries 0 load 6.2
68/94 R2-I003 0.3s UNKNOWN_SECTION_DISAGREEMENT windows 1/1 entries 0 load 6.2
69/94 R2-I004 0.2s UNKNOWN_RATIO_DISAGREEMENT windows 4/9 entries 0 load 6.2
70/94 R2-I005 0.2s ANSWER windows 3/3 entries 1 load 6.2
71/94 UF-018 0.8s UNKNOWN_RATIO_DISAGREEMENT windows 1/1 entries 0 load 6.2
72/94 R2-I006 0.1s UNKNOWN_RATIO_DISAGREEMENT windows 3/5 entries 0 load 6.2
73/94 R2-I001 0.8s UNKNOWN_RATIO_DISAGREEMENT windows 4/4 entries 0 load 6.2
74/94 UF-016 1.1s UNKNOWN_RATIO_DISAGREEMENT windows 4/7 entries 0 load 6.2
75/94 R2-I009 0.6s UNKNOWN_RATIO_DISAGREEMENT windows 1/11 entries 0 load 6.2
76/94 R2-I011 0.5s UNKNOWN_SECTION_DISAGREEMENT windows 3/6 entries 0 load 6.2
77/94 R2-I007 0.7s UNKNOWN_RATIO_DISAGREEMENT windows 1/1 entries 0 load 6.2
78/94 UF-020 1.4s UNKNOWN_SECTION_DISAGREEMENT windows 4/22 entries 0 load 6.2
79/94 R2-I008 0.7s UNKNOWN_RATIO_DISAGREEMENT windows 4/5 entries 0 load 6.2
80/94 R2-I010 0.7s UNKNOWN_RATIO_DISAGREEMENT windows 4/16 entries 0 load 6.2
81/94 R2-I013 0.1s UNKNOWN_NOT_READ windows 0/19 entries 0 load 6.2
82/94 R2-I016 0.1s CHOICE windows 3/3 entries 2 load 6.2
83/94 R2-I014 0.2s UNKNOWN_RATIO_DISAGREEMENT windows 1/1 entries 0 load 6.2
84/94 R2-I015 0.3s UNKNOWN_RATIO_DISAGREEMENT windows 4/9 entries 0 load 6.2
85/94 R2-I012 0.4s UNKNOWN_RATIO_DISAGREEMENT windows 2/2 entries 0 load 6.2
86/94 R2-I020 0.2s UNKNOWN_RATIO_DISAGREEMENT windows 4/8 entries 0 load 6.2
87/94 R2-I018 0.3s UNKNOWN_RATIO_DISAGREEMENT windows 1/24 entries 0 load 6.2
88/94 R2-U001 0.1s UNKNOWN_RATIO_DISAGREEMENT windows 4/9 entries 0 load 6.2
89/94 R2-U002 0.2s UNKNOWN_RATIO_DISAGREEMENT windows 3/3 entries 0 load 6.2
90/94 R2-U004 0.1s UNKNOWN_RATIO_DISAGREEMENT windows 1/1 entries 0 load 6.2
91/94 R2-U003 0.2s UNKNOWN_RATIO_DISAGREEMENT windows 1/1 entries 0 load 6.2
92/94 R2-I017 1.0s UNKNOWN_SECTION_DISAGREEMENT windows 4/6 entries 0 load 6.2
93/94 R2-U005 0.9s UNKNOWN_RATIO_DISAGREEMENT windows 3/3 entries 0 load 6.2
94/94 R2-I019 1.2s UNKNOWN_RATIO_DISAGREEMENT windows 2/2 entries 0 load 6.2
done 94 (0 errors) in 74s
window index load 0.7s; 592 windows; corpus 725d5ac1a8d2 slide 6b36bcb7306d place 9280bce0035a; 94 questions; workers 6; PYTHONHASHSEED=0
94 to do, 0 kept from an earlier run
1/94 I2-002 0.2s UNKNOWN_NOT_READ windows 0/32 entries 0 load 5.8
2/94 I2-001 0.3s UNKNOWN_RATIO_DISAGREEMENT windows 3/3 entries 0 load 5.8
3/94 I2-006 0.3s UNKNOWN_RATIO_DISAGREEMENT windows 4/8 entries 0 load 5.8
4/94 I2-005 0.3s UNKNOWN_RATIO_DISAGREEMENT windows 4/8 entries 0 load 5.8
5/94 I2-004 0.4s UNKNOWN_RATIO_DISAGREEMENT windows 4/8 entries 0 load 5.8
6/94 I2-003 0.4s UNKNOWN_RATIO_DISAGREEMENT windows 4/8 entries 0 load 5.8
7/94 I2-012 0.1s UNKNOWN_NOT_READ windows 0/35 entries 0 load 5.8
8/94 I2-011 0.2s UNKNOWN_RATIO_DISAGREEMENT windows 3/23 entries 0 load 5.8
9/94 I2-007 0.3s UNKNOWN_RATIO_DISAGREEMENT windows 4/9 entries 0 load 5.8
10/94 I2-015 0.0s UNKNOWN_NOT_READ windows 0/14 entries 0 load 5.8
11/94 I2-010 0.2s UNKNOWN_NO_EVIDENCE windows 2/2 entries 0 load 5.8
12/94 I2-014 0.1s UNKNOWN_RATIO_DISAGREEMENT windows 3/3 entries 0 load 5.8
13/94 I2-018 0.0s UNKNOWN_NOT_READ windows 0/32 entries 0 load 5.8
14/94 I2-013 0.1s UNKNOWN_RATIO_DISAGREEMENT windows 4/4 entries 0 load 5.8
15/94 I2-008 0.4s UNKNOWN_RATIO_DISAGREEMENT windows 3/7 entries 0 load 5.8
16/94 I2-021 0.1s UNKNOWN_RATIO_DISAGREEMENT windows 2/5 entries 0 load 5.8
17/94 I2-016 0.4s UNKNOWN_RATIO_DISAGREEMENT windows 3/6 entries 0 load 5.8
18/94 I2-022 0.2s UNKNOWN_RATIO_DISAGREEMENT windows 2/5 entries 0 load 5.8
19/94 I2-019 0.4s UNKNOWN_RATIO_DISAGREEMENT windows 4/4 entries 0 load 5.8
20/94 I2-009 0.9s UNKNOWN_RATIO_DISAGREEMENT windows 4/8 entries 0 load 5.8
21/94 I2-023 0.2s UNKNOWN_SECTION_DISAGREEMENT windows 2/2 entries 0 load 5.8
22/94 I2-020 0.7s UNKNOWN_SECTION_DISAGREEMENT windows 3/3 entries 0 load 5.8
23/94 I2-028 0.0s UNKNOWN_NOT_READ windows 0/31 entries 0 load 5.8
24/94 I2-027 0.1s UNKNOWN_NOT_READ windows 0/32 entries 0 load 5.8
25/94 I2-029 0.1s ANSWER windows 3/3 entries 1 load 5.8
26/94 I2-030 0.2s UNKNOWN_RATIO_DISAGREEMENT windows 4/4 entries 0 load 5.8
27/94 I2-017 1.1s UNKNOWN_SECTION_DISAGREEMENT windows 4/6 entries 0 load 5.8
28/94 I2-032 0.3s UNKNOWN_SECTION_DISAGREEMENT windows 3/5 entries 0 load 5.8
29/94 I2-024 1.2s ANSWER windows 4/10 entries 1 load 5.8
30/94 I2-025 1.3s UNKNOWN_RATIO_DISAGREEMENT windows 4/14 entries 0 load 5.8
31/94 I2-035 0.1s UNKNOWN_RATIO_DISAGREEMENT windows 2/2 entries 0 load 5.8
32/94 I2-036 0.1s UNKNOWN_RATIO_DISAGREEMENT windows 4/4 entries 0 load 5.8
33/94 I2-026 1.3s UNKNOWN_RATIO_DISAGREEMENT windows 4/7 entries 0 load 5.8
34/94 I2-039 0.0s UNKNOWN_RATIO_DISAGREEMENT windows 1/1 entries 0 load 5.8
35/94 I2-040 0.0s UNKNOWN_RATIO_DISAGREEMENT windows 1/1 entries 0 load 5.8
36/94 I2-034 0.7s UNKNOWN_RATIO_DISAGREEMENT windows 4/4 entries 0 load 5.8
37/94 I2-042 0.0s UNKNOWN_NOT_READ windows 0/7 entries 0 load 5.8
38/94 I2-043 0.0s UNKNOWN_NOT_READ windows 0/15 entries 0 load 5.8
39/94 I2-031 1.2s UNKNOWN_SECTION_DISAGREEMENT windows 4/4 entries 0 load 5.8
40/94 I2-038 0.3s UNKNOWN_RATIO_DISAGREEMENT windows 3/9 entries 0 load 5.8
41/94 I2-045 0.1s UNKNOWN_RATIO_DISAGREEMENT windows 3/15 entries 0 load 5.8
42/94 I2-033 1.2s UNKNOWN_RATIO_DISAGREEMENT windows 4/6 entries 0 load 5.8
43/94 I2-046 0.2s UNKNOWN_RATIO_DISAGREEMENT windows 4/4 entries 0 load 5.8
44/94 I2-048 0.3s UNKNOWN_RATIO_DISAGREEMENT windows 4/9 entries 0 load 5.8
45/94 I2-037 0.9s UNKNOWN_RATIO_DISAGREEMENT windows 4/11 entries 0 load 5.8
46/94 I2-044 0.7s UNKNOWN_RATIO_DISAGREEMENT windows 4/10 entries 0 load 5.8
47/94 UF-003 0.0s UNKNOWN_SECTION_DISAGREEMENT windows 1/1 entries 0 load 5.8
48/94 I2-047 0.7s UNKNOWN_RATIO_DISAGREEMENT windows 4/4 entries 0 load 5.8
49/94 UF-004 0.1s UNKNOWN_SECTION_DISAGREEMENT windows 1/1 entries 0 load 5.8
50/94 UF-005 0.1s UNKNOWN_SECTION_DISAGREEMENT windows 3/3 entries 0 load 5.8
51/94 UF-007 0.1s UNKNOWN_NOT_READ windows 0/18 entries 0 load 5.8
52/94 UF-006 0.4s UNKNOWN_RATIO_DISAGREEMENT windows 3/3 entries 0 load 5.8
53/94 UF-008 0.2s UNKNOWN_SECTION_DISAGREEMENT windows 1/1 entries 0 load 5.8
54/94 UF-001 0.9s UNKNOWN_RATIO_DISAGREEMENT windows 4/5 entries 0 load 5.8
55/94 I2-041 1.7s UNKNOWN_RATIO_DISAGREEMENT windows 4/15 entries 0 load 5.8
56/94 UF-012 0.0s UNKNOWN_RATIO_DISAGREEMENT windows 1/1 entries 0 load 5.8
57/94 UF-009 0.9s UNKNOWN_RATIO_DISAGREEMENT windows 3/3 entries 0 load 5.8
58/94 UF-011 0.8s UNKNOWN_RATIO_DISAGREEMENT windows 3/9 entries 0 load 5.8
59/94 I2-050 2.0s UNKNOWN_SECTION_DISAGREEMENT windows 4/9 entries 0 load 5.8
60/94 UF-015 0.3s UNKNOWN_SECTION_DISAGREEMENT windows 4/6 entries 0 load 5.8
61/94 UF-002 1.9s UNKNOWN_RATIO_DISAGREEMENT windows 3/3 entries 0 load 5.8
62/94 UF-017 0.0s UNKNOWN_NOT_READ windows 0/22 entries 0 load 5.8
63/94 UF-010 1.2s UNKNOWN_RATIO_DISAGREEMENT windows 4/11 entries 0 load 5.8
64/94 UF-013 1.0s UNKNOWN_RATIO_DISAGREEMENT windows 3/3 entries 0 load 5.8
65/94 UF-014 0.7s UNKNOWN_SECTION_DISAGREEMENT windows 3/3 entries 0 load 5.8
66/94 R2-I002 0.0s UNKNOWN_NOT_READ windows 0/7 entries 0 load 5.8
67/94 R2-I003 0.2s UNKNOWN_SECTION_DISAGREEMENT windows 1/1 entries 0 load 5.8
68/94 UF-019 0.5s UNKNOWN_RATIO_DISAGREEMENT windows 3/3 entries 0 load 5.8
69/94 R2-I004 0.1s UNKNOWN_RATIO_DISAGREEMENT windows 4/9 entries 0 load 5.8
70/94 R2-I005 0.2s ANSWER windows 3/3 entries 1 load 5.8
71/94 UF-018 0.7s UNKNOWN_RATIO_DISAGREEMENT windows 1/1 entries 0 load 5.8
72/94 R2-I001 0.7s UNKNOWN_RATIO_DISAGREEMENT windows 4/4 entries 0 load 5.8
73/94 R2-I006 0.2s UNKNOWN_RATIO_DISAGREEMENT windows 3/5 entries 0 load 5.8
74/94 UF-016 1.2s UNKNOWN_RATIO_DISAGREEMENT windows 4/7 entries 0 load 5.8
75/94 R2-I008 0.6s UNKNOWN_RATIO_DISAGREEMENT windows 4/5 entries 0 load 5.8
76/94 R2-I009 0.6s UNKNOWN_RATIO_DISAGREEMENT windows 1/11 entries 0 load 5.8
77/94 UF-020 1.4s UNKNOWN_SECTION_DISAGREEMENT windows 4/22 entries 0 load 5.8
78/94 R2-I010 0.7s UNKNOWN_RATIO_DISAGREEMENT windows 4/16 entries 0 load 5.8
79/94 R2-I013 0.1s UNKNOWN_NOT_READ windows 0/19 entries 0 load 5.8
80/94 R2-I011 0.5s UNKNOWN_SECTION_DISAGREEMENT windows 3/6 entries 0 load 5.8
81/94 R2-I014 0.1s UNKNOWN_RATIO_DISAGREEMENT windows 1/1 entries 0 load 5.8
82/94 R2-I007 0.8s UNKNOWN_RATIO_DISAGREEMENT windows 1/1 entries 0 load 5.8
83/94 R2-I016 0.1s CHOICE windows 3/3 entries 2 load 5.8
84/94 R2-I015 0.2s UNKNOWN_RATIO_DISAGREEMENT windows 4/9 entries 0 load 5.8
85/94 R2-I012 0.4s UNKNOWN_RATIO_DISAGREEMENT windows 2/2 entries 0 load 5.8
86/94 R2-I020 0.3s UNKNOWN_RATIO_DISAGREEMENT windows 4/8 entries 0 load 5.8
87/94 R2-I018 0.4s UNKNOWN_RATIO_DISAGREEMENT windows 1/24 entries 0 load 5.8
88/94 R2-U001 0.2s UNKNOWN_RATIO_DISAGREEMENT windows 4/9 entries 0 load 5.8
89/94 R2-U002 0.2s UNKNOWN_RATIO_DISAGREEMENT windows 3/3 entries 0 load 5.8
90/94 R2-U004 0.0s UNKNOWN_RATIO_DISAGREEMENT windows 1/1 entries 0 load 5.8
91/94 R2-U003 0.1s UNKNOWN_RATIO_DISAGREEMENT windows 1/1 entries 0 load 5.8
92/94 R2-I017 1.0s UNKNOWN_SECTION_DISAGREEMENT windows 4/6 entries 0 load 5.8
93/94 R2-I019 1.1s UNKNOWN_RATIO_DISAGREEMENT windows 2/2 entries 0 load 5.8
94/94 R2-U005 0.9s UNKNOWN_RATIO_DISAGREEMENT windows 3/3 entries 0 load 5.8
done 94 (0 errors) in 9s
Traceback (most recent call last):
  File "/Users/motonisihikoudai/Projects/vera-impl/wt/line3/experiments/line3/g3/c4/cache_stats.py", line 152, in <module>
    main()
  File "/Users/motonisihikoudai/Projects/vera-impl/wt/line3/experiments/line3/g3/c4/cache_stats.py", line 112, in main
    L.append("- %s: `%s`; slide spec %s, place spec %s; %d windows in the cache (%d pairs); build wall %.0f s, cpu %.0f s" % (
             ^^^^^^^^^^^^^^^^^^^^^^^^^^^^^^^^^^^^^^^^^^^^^^^^^^^^^^^^^^^^^^^^^^^^^^^^^^^^^^^^^^^^^^^^^^^^^^^^^^^^^^^^^^^^^^^^^
TypeError: %d format: a real number is required, not list
