a10 UNKNOWN_NO_EVIDENCE None 8.561
a57 UNKNOWN_NO_EVIDENCE None 10.294
a14 UNKNOWN_NO_EVIDENCE None 14.135
a42 UNKNOWN_NO_EVIDENCE None 25.012
a19 ANSWER CHOICE 29.722
a23 UNKNOWN_NO_FIXED_POINT None 31.012
a16 ANSWER CHOICE 44.64
u30 CHOICE CHOICE 54.735
a24 ANSWER CHOICE 61.858
a55 ANSWER CHOICE 41.29
a43 CHOICE CHOICE 39.451
a59 ANSWER CHOICE 38.204
a32 CHOICE CHOICE 126.098
u19 CHOICE CHOICE 117.589
a11 CHOICE CHOICE 117.518
u26 CHOICE CHOICE 14.81
a48 ANSWER CHOICE 14.076
a31 UNKNOWN_NO_FIXED_POINT None 0.034
u21 UNKNOWN_NO_FIXED_POINT None 0.036
a01 UNKNOWN_NO_FIXED_POINT None 0.026
a21 UNKNOWN_NO_FIXED_POINT None 0.03
a56 UNKNOWN_NO_FIXED_POINT None 0.033
a29 UNKNOWN_NO_FIXED_POINT None 0.031
u23 UNKNOWN_NO_FIXED_POINT None 0.032
a26 UNKNOWN_NO_FIXED_POINT None 0.023
a35 UNKNOWN_NO_FIXED_POINT None 0.02
a40 UNKNOWN_NO_FIXED_POINT None 0.019
a50 UNKNOWN_NO_FIXED_POINT None 0.029
u24 UNKNOWN_NO_FIXED_POINT None 0.041
a17 ANSWER ANSWER 0.016
a41 ANSWER ANSWER 0.015
a49 ANSWER ANSWER 0.016
u15 ANSWER ANSWER 0.015
u04 ANSWER CHOICE 0.016
a46 ANSWER ANSWER 0.015
a13 ANSWER ANSWER 0.013
a22 ANSWER ANSWER 0.012
a25 UNKNOWN_NO_EVIDENCE None 0.012
u25 UNKNOWN_NO_EVIDENCE None 0.022
u09 ANSWER ANSWER 0.016
a07 ANSWER ANSWER 0.01
a34 UNKNOWN_NO_EVIDENCE None 0.012
a45 ANSWER ANSWER 0.011
a54 ANSWER ANSWER 0.014
u28 UNKNOWN_NO_EVIDENCE None 0.012
a09 UNKNOWN_NO_EVIDENCE None 0.021
a12 ANSWER ANSWER 0.009
a18 ANSWER ANSWER 0.009
a20 ANSWER ANSWER 0.009
a39 ANSWER ANSWER 0.01
a52 ANSWER ANSWER 0.009
a58 ANSWER ANSWER 0.01
a60 ANSWER ANSWER 0.008
a04 UNKNOWN_NO_EVIDENCE None 0.008
a15 ANSWER ANSWER 0.008
a28 ANSWER ANSWER 0.008
a51 ANSWER ANSWER 0.008
a53 ANSWER ANSWER 0.011
u22 ANSWER ANSWER 0.009
u27 ANSWER ANSWER 0.008
a02 ANSWER ANSWER 0.007
a03 UNKNOWN_NO_EVIDENCE None 0.007
a08 UNKNOWN_NO_EVIDENCE None 0.007
a36 UNKNOWN_NO_EVIDENCE None 0.008
a38 UNKNOWN_NO_EVIDENCE None 0.007
a44 UNKNOWN_NO_EVIDENCE None 0.008
u29 UNKNOWN_NO_EVIDENCE None 0.008
u01 UNKNOWN_NO_EVIDENCE None 0.01
u02 UNKNOWN_NO_EVIDENCE None 0.008
u05 UNKNOWN_NO_EVIDENCE None 0.005
u07 UNKNOWN_NO_EVIDENCE None 0.005
u10 UNKNOWN_NO_EVIDENCE None 0.004
u11 UNKNOWN_NO_EVIDENCE None 0.004
u13 UNKNOWN_NO_EVIDENCE None 0.005
u17 UNKNOWN_NO_EVIDENCE None 0.004
u20 UNKNOWN_NO_EVIDENCE None 0.004
u06 UNKNOWN_NO_EVIDENCE None 0.005
u08 UNKNOWN_NO_EVIDENCE None 0.005
u12 UNKNOWN_NO_EVIDENCE None 0.005
u14 UNKNOWN_NO_EVIDENCE None 0.004
u16 UNKNOWN_NO_EVIDENCE None 0.005
u18 UNKNOWN_NO_EVIDENCE None 0.01
a33 CHOICE CHOICE 18.868
a47 ANSWER CHOICE 12.322
a05 CHOICE CHOICE 5.422
a30 AMBIGUOUS None 147.754
a06 ANSWER CHOICE 147.851
a27 CHOICE CHOICE 31.71
a37 CHOICE CHOICE 26.672
u03 CHOICE CHOICE 191.707
TOTAL wall 200.7 s
