T6-1 合成 40 件（凍結の sha256 検査: OK）

[V] 対象 40 件・事実 85（偽 22 / 正 53 / 判定不能設計 10）
  検出（偽→食い違い）: 22
  見逃し（偽→記録）: 0
  偽→証言（棄権）: 0
  誤検出（正→食い違い）: 0
  裏づけ不足（正→証言）: 0
  未抽出: 0
  余剰: 0
  期待と完全一致: 85
  検出率: 1.0000
  申告単位の見逃し: 0 / 申告単位の誤検出: 0 / 申告の並びの不一致: 0
  形外れの行 期待 1 / 実際 1

[a] 対象 38 件・事実 84（偽 22 / 正 52 / 判定不能設計 10）
  検出（偽→食い違い）: 22
  見逃し（偽→記録）: 0
  偽→証言（棄権）: 0
  誤検出（正→食い違い）: 0
  裏づけ不足（正→証言）: 0
  未抽出: 0
  余剰: 0
  期待と完全一致: 84
  検出率: 1.0000
  申告単位の見逃し: 0 / 申告単位の誤検出: 0 / 申告の並びの不一致: 0

[b] 対象 40 件・事実 85（偽 22 / 正 53 / 判定不能設計 10）
  検出（偽→食い違い）: 22
  見逃し（偽→記録）: 0
  偽→証言（棄権）: 0
  誤検出（正→食い違い）: 0
  裏づけ不足（正→証言）: 0
  未抽出: 10
  余剰: 0
  期待と完全一致: 75
  検出率: 1.0000

