== fast plain: load 2.86 2.67 3.02
window index load 1.1s; 592 windows; corpus 725d5ac1a8d2 slide 3df141b12327 place 07db87511ff1; 94 questions; workers 6; PYTHONHASHSEED=0
94 to do, 0 kept from an earlier run
1/94 I2-002 0.8s CHOICE windows 3 entries 2 load 2.9
2/94 I2-006 1.1s UNKNOWN_NO_FIXED_POINT windows 4 entries 0 load 2.9
3/94 I2-004 1.1s UNKNOWN_NO_FIXED_POINT windows 4 entries 0 load 2.9
4/94 I2-003 1.2s AMBIGUOUS windows 4 entries 0 load 2.9
5/94 I2-005 1.2s AMBIGUOUS windows 4 entries 0 load 2.9
6/94 I2-007 1.9s ANSWER windows 4 entries 1 load 2.9
7/94 I2-012 0.8s UNKNOWN_SECTION_DISAGREEMENT windows 3 entries 0 load 3.4
8/94 I2-013 0.8s AMBIGUOUS windows 4 entries 0 load 3.4
9/94 I2-010 3.1s AMBIGUOUS windows 2 entries 0 load 3.4
10/94 I2-011 3.2s UNKNOWN_NO_FIXED_POINT windows 4 entries 0 load 3.4
11/94 I2-015 0.0s UNKNOWN_NOT_READ windows 0 entries 0 load 3.4
12/94 I2-014 0.1s AMBIGUOUS windows 3 entries 0 load 3.4
13/94 I2-018 0.4s ANSWER windows 2 entries 1 load 3.4
14/94 I2-008 4.2s UNKNOWN_NO_FIXED_POINT windows 4 entries 0 load 3.4
15/94 I2-001 6.7s UNKNOWN_NO_FIXED_POINT windows 3 entries 0 load 3.4
16/94 I2-019 1.9s CHOICE windows 3 entries 3 load 3.4
17/94 I2-021 0.3s ANSWER windows 2 entries 1 load 3.4
18/94 I2-009 7.3s UNKNOWN_NO_FIXED_POINT windows 4 entries 0 load 3.4
19/94 I2-017 4.7s UNKNOWN_NO_FIXED_POINT windows 4 entries 0 load 3.7
20/94 I2-022 2.4s UNKNOWN_NO_FIXED_POINT windows 2 entries 0 load 3.7
21/94 I2-016 4.8s CHOICE windows 3 entries 2 load 3.7
22/94 I2-023 2.5s UNKNOWN_NO_FIXED_POINT windows 2 entries 0 load 3.7
23/94 I2-027 0.7s UNKNOWN_RATIO_DISAGREEMENT windows 2 entries 0 load 3.7
24/94 I2-028 0.8s UNKNOWN_NO_FIXED_POINT windows 1 entries 0 load 3.7
25/94 I2-029 0.6s CHOICE windows 3 entries 2 load 3.7
26/94 I2-020 5.1s AMBIGUOUS windows 3 entries 0 load 3.7
27/94 I2-025 2.3s UNKNOWN_NO_FIXED_POINT windows 2 entries 0 load 3.7
28/94 I2-024 3.9s UNKNOWN_NO_FIXED_POINT windows 4 entries 0 load 3.7
29/94 I2-030 3.0s UNKNOWN_NO_FIXED_POINT windows 4 entries 0 load 3.7
30/94 I2-026 4.9s UNKNOWN_NO_FIXED_POINT windows 4 entries 0 load 4.1
31/94 I2-032 4.3s ANSWER windows 3 entries 1 load 4.1
32/94 I2-031 4.5s CHOICE windows 4 entries 2 load 4.1
33/94 I2-035 1.8s UNKNOWN_RATIO_DISAGREEMENT windows 2 entries 0 load 4.1
34/94 I2-039 0.0s UNKNOWN_NO_EVIDENCE windows 1 entries 0 load 4.1
35/94 I2-033 3.7s UNKNOWN_NO_FIXED_POINT windows 4 entries 0 load 4.1
36/94 I2-040 0.0s UNKNOWN_NO_EVIDENCE windows 1 entries 0 load 4.1
37/94 I2-042 0.1s UNKNOWN_RATIO_DISAGREEMENT windows 1 entries 0 load 4.1
38/94 I2-043 0.0s UNKNOWN_NOT_READ windows 0 entries 0 load 4.1
39/94 I2-034 4.6s CHOICE windows 3 entries 2 load 4.1
40/94 I2-045 0.5s CHOICE windows 4 entries 2 load 4.1
41/94 I2-046 0.2s AMBIGUOUS windows 4 entries 0 load 4.1
42/94 I2-038 3.1s CHOICE windows 4 entries 6 load 4.1
43/94 I2-041 3.0s UNKNOWN_NO_FIXED_POINT windows 2 entries 0 load 4.1
44/94 I2-036 5.0s ANSWER windows 4 entries 1 load 4.4
45/94 I2-047 1.5s CHOICE windows 4 entries 4 load 4.4
46/94 I2-048 1.4s ANSWER windows 3 entries 1 load 4.4
47/94 I2-044 4.2s CHOICE windows 4 entries 2 load 4.4
48/94 I2-037 4.8s CHOICE windows 4 entries 4 load 4.4
49/94 UF-004 0.2s UNKNOWN_UNSTABLE_AXIS_IMPROVABLE windows 1 entries 0 load 4.4
50/94 UF-006 0.5s UNKNOWN_RATIO_DISAGREEMENT windows 3 entries 0 load 4.4
51/94 UF-003 0.9s UNKNOWN_NO_FIXED_POINT windows 1 entries 0 load 4.4
52/94 UF-007 0.6s UNKNOWN_NO_FIXED_POINT windows 1 entries 0 load 4.4
53/94 UF-008 0.6s ANSWER windows 1 entries 1 load 4.4
54/94 UF-010 0.2s ANSWER windows 1 entries 1 load 4.4
55/94 I2-050 5.7s UNKNOWN_NO_FIXED_POINT windows 2 entries 0 load 4.6
56/94 UF-012 0.0s UNKNOWN_RATIO_DISAGREEMENT windows 1 entries 0 load 4.6
57/94 UF-005 6.0s AMBIGUOUS windows 3 entries 0 load 4.6
58/94 UF-011 4.9s UNKNOWN_NO_FIXED_POINT windows 3 entries 0 load 4.6
59/94 UF-013 3.4s CHOICE windows 3 entries 5 load 4.6
60/94 UF-001 8.2s UNKNOWN_NO_FIXED_POINT windows 4 entries 0 load 4.6
61/94 UF-017 0.3s UNKNOWN_RATIO_DISAGREEMENT windows 2 entries 0 load 4.6
62/94 UF-009 6.7s UNKNOWN_NO_FIXED_POINT windows 3 entries 0 load 4.6
63/94 UF-015 3.0s CHOICE windows 4 entries 2 load 4.8
64/94 UF-019 1.6s UNKNOWN_NO_FIXED_POINT windows 3 entries 0 load 4.8
65/94 UF-002 10.0s ANSWER windows 3 entries 1 load 4.8
66/94 UF-018 2.0s UNKNOWN_RATIO_DISAGREEMENT windows 1 entries 0 load 4.8
67/94 R2-I003 0.2s UNKNOWN_SECTION_DISAGREEMENT windows 1 entries 0 load 4.8
68/94 UF-014 4.9s AMBIGUOUS windows 3 entries 0 load 4.8
69/94 R2-I004 1.1s UNKNOWN_NO_FIXED_POINT windows 4 entries 0 load 4.8
70/94 R2-I005 0.6s CHOICE windows 3 entries 2 load 4.8
71/94 UF-016 5.4s ANSWER windows 4 entries 1 load 4.8
72/94 UF-020 3.7s ANSWER windows 4 entries 1 load 4.8
73/94 R2-I007 2.0s UNKNOWN_RATIO_DISAGREEMENT windows 1 entries 0 load 4.8
74/94 R2-I001 3.9s CHOICE windows 4 entries 3 load 4.8
75/94 R2-I006 3.1s CHOICE windows 3 entries 4 load 5.0
76/94 R2-I002 6.0s UNKNOWN_NO_FIXED_POINT windows 4 entries 0 load 5.0
77/94 R2-I011 2.1s UNKNOWN_NO_FIXED_POINT windows 3 entries 0 load 5.0
78/94 R2-I014 0.1s UNKNOWN_RATIO_DISAGREEMENT windows 1 entries 0 load 5.0
79/94 R2-I013 0.6s ANSWER windows 2 entries 1 load 5.0
80/94 R2-I016 0.1s UNKNOWN_RATIO_DISAGREEMENT windows 3 entries 0 load 5.0
81/94 R2-I015 1.7s CHOICE windows 3 entries 3 load 5.0
82/94 R2-I018 0.7s ANSWER windows 2 entries 1 load 5.0
83/94 R2-I012 4.3s UNKNOWN_NO_FIXED_POINT windows 1 entries 0 load 5.0
84/94 R2-I019 0.8s UNKNOWN_UNSTABLE_AXIS_IMPROVABLE windows 2 entries 0 load 5.0
85/94 R2-U001 0.6s AMBIGUOUS windows 4 entries 0 load 5.2
86/94 R2-U002 0.3s UNKNOWN_SECTION_DISAGREEMENT windows 3 entries 0 load 5.2
87/94 R2-U003 0.5s UNKNOWN_NO_FIXED_POINT windows 1 entries 0 load 5.2
88/94 R2-U004 0.0s UNKNOWN_RATIO_DISAGREEMENT windows 1 entries 0 load 5.2
89/94 R2-I010 6.9s UNKNOWN_NO_FIXED_POINT windows 4 entries 0 load 5.2
90/94 R2-U005 0.8s UNKNOWN_NO_FIXED_POINT windows 3 entries 0 load 5.2
91/94 R2-I008 10.9s CHOICE windows 4 entries 4 load 5.2
92/94 R2-I017 8.7s UNKNOWN_NO_FIXED_POINT windows 3 entries 0 load 5.2
93/94 R2-I020 9.4s UNKNOWN_NO_FIXED_POINT windows 3 entries 0 load 5.2
94/94 R2-I009 15.9s CHOICE windows 4 entries 2 load 5.0
done 94 (0 errors) in 50s
== fast window: load 4.99 3.32 3.24
window index load 1.1s; 592 windows; corpus 725d5ac1a8d2 slide 3df141b12327 place 07db87511ff1; 94 questions; workers 6; PYTHONHASHSEED=0
94 to do, 0 kept from an earlier run
1/94 I2-002 0.2s CHOICE windows 3 entries 3 load 5.0
2/94 I2-006 0.4s CHOICE windows 4 entries 2 load 5.0
3/94 I2-004 0.4s CHOICE windows 4 entries 2 load 5.0
4/94 I2-005 0.4s CHOICE windows 4 entries 2 load 5.0
5/94 I2-003 0.4s CHOICE windows 4 entries 2 load 5.0
6/94 I2-010 1.7s CHOICE windows 2 entries 2 load 5.0
7/94 I2-011 1.8s CHOICE windows 4 entries 3 load 5.0
8/94 I2-007 2.1s ANSWER windows 4 entries 1 load 5.0
9/94 I2-013 0.2s CHOICE windows 4 entries 3 load 5.0
10/94 I2-015 0.0s UNKNOWN_NOT_READ windows 0 entries 0 load 5.0
11/94 I2-014 0.1s CHOICE windows 3 entries 2 load 5.0
12/94 I2-001 2.9s UNKNOWN_NO_FIXED_POINT windows 3 entries 0 load 5.0
13/94 I2-018 0.3s CHOICE windows 2 entries 2 load 5.2
14/94 I2-008 3.0s ANSWER windows 4 entries 1 load 5.2
15/94 I2-012 1.7s ANSWER windows 3 entries 1 load 5.2
16/94 I2-021 0.4s CHOICE windows 2 entries 3 load 5.2
17/94 I2-019 1.9s CHOICE windows 3 entries 3 load 5.2
18/94 I2-009 4.8s CHOICE windows 4 entries 4 load 5.2
19/94 I2-022 1.2s CHOICE windows 2 entries 3 load 5.2
20/94 I2-016 3.0s CHOICE windows 3 entries 3 load 5.2
21/94 I2-017 3.8s ANSWER windows 4 entries 1 load 5.2
22/94 I2-025 0.9s UNKNOWN_RATIO_DISAGREEMENT windows 2 entries 0 load 5.2
23/94 I2-027 0.3s UNKNOWN_RATIO_DISAGREEMENT windows 2 entries 0 load 5.2
24/94 I2-028 0.1s UNKNOWN_NO_EVIDENCE windows 1 entries 0 load 5.2
25/94 I2-029 0.5s ANSWER windows 3 entries 1 load 5.2
26/94 I2-020 4.3s ANSWER windows 3 entries 1 load 5.2
27/94 I2-026 2.3s UNKNOWN_NO_FIXED_POINT windows 4 entries 0 load 5.2
28/94 I2-023 3.1s UNKNOWN_NO_FIXED_POINT windows 2 entries 0 load 5.3
29/94 I2-024 3.2s ANSWER windows 4 entries 1 load 5.3
30/94 I2-030 2.6s CHOICE windows 4 entries 2 load 5.3
31/94 I2-035 1.4s ANSWER windows 2 entries 1 load 5.3
32/94 I2-033 3.4s UNKNOWN_NO_FIXED_POINT windows 4 entries 0 load 5.3
33/94 I2-031 4.3s CHOICE windows 4 entries 2 load 5.3
34/94 I2-039 0.0s UNKNOWN_NO_EVIDENCE windows 1 entries 0 load 5.3
35/94 I2-040 0.0s UNKNOWN_NO_EVIDENCE windows 1 entries 0 load 5.3
36/94 I2-034 3.3s CHOICE windows 3 entries 6 load 5.3
37/94 I2-042 0.1s AMBIGUOUS windows 1 entries 0 load 5.3
38/94 I2-043 0.0s UNKNOWN_NOT_READ windows 0 entries 0 load 5.3
39/94 I2-032 4.3s ANSWER windows 3 entries 1 load 5.3
40/94 I2-036 3.9s ANSWER windows 4 entries 1 load 5.3
41/94 I2-045 1.4s CHOICE windows 4 entries 2 load 5.4
42/94 I2-037 3.8s CHOICE windows 4 entries 5 load 5.4
43/94 I2-044 2.2s CHOICE windows 4 entries 3 load 5.4
44/94 I2-046 0.9s ANSWER windows 4 entries 1 load 5.4
45/94 I2-048 0.9s CHOICE windows 3 entries 2 load 5.4
46/94 I2-047 1.2s CHOICE windows 4 entries 5 load 5.4
47/94 UF-003 0.2s UNKNOWN_UNSTABLE_AXIS_IMPROVABLE windows 1 entries 0 load 5.4
48/94 UF-004 0.3s ANSWER windows 1 entries 1 load 5.4
49/94 I2-038 5.1s CHOICE windows 4 entries 4 load 5.4
50/94 UF-006 0.5s ANSWER windows 3 entries 1 load 5.4
51/94 I2-041 5.8s UNKNOWN_NO_FIXED_POINT windows 2 entries 0 load 5.4
52/94 I2-050 3.5s UNKNOWN_NO_FIXED_POINT windows 2 entries 0 load 5.4
53/94 UF-005 2.5s CHOICE windows 3 entries 2 load 5.4
54/94 UF-010 0.2s ANSWER windows 1 entries 1 load 5.4
55/94 UF-008 1.0s CHOICE windows 1 entries 5 load 5.4
56/94 UF-012 0.1s ANSWER windows 1 entries 1 load 5.6
57/94 UF-001 4.4s UNKNOWN_NO_FIXED_POINT windows 4 entries 0 load 5.6
58/94 UF-007 1.9s UNKNOWN_NO_FIXED_POINT windows 1 entries 0 load 5.6
59/94 UF-015 1.8s CHOICE windows 4 entries 4 load 5.6
60/94 UF-009 3.3s UNKNOWN_NO_FIXED_POINT windows 3 entries 0 load 5.6
61/94 UF-017 0.5s UNKNOWN_RATIO_DISAGREEMENT windows 2 entries 0 load 5.6
62/94 UF-011 4.2s ANSWER windows 3 entries 1 load 5.6
63/94 UF-018 0.9s UNKNOWN_RATIO_DISAGREEMENT windows 1 entries 0 load 5.6
64/94 UF-013 4.0s CHOICE windows 3 entries 3 load 5.6
65/94 UF-014 4.3s ANSWER windows 3 entries 1 load 5.6
66/94 UF-019 1.1s CHOICE windows 3 entries 3 load 5.6
67/94 R2-I003 0.3s AMBIGUOUS windows 1 entries 0 load 5.6
68/94 R2-I004 1.3s CHOICE windows 4 entries 2 load 5.7
69/94 R2-I005 0.4s ANSWER windows 3 entries 1 load 5.7
70/94 R2-I006 1.8s CHOICE windows 3 entries 4 load 5.7
71/94 UF-016 6.6s CHOICE windows 4 entries 3 load 5.7
72/94 R2-I007 0.9s UNKNOWN_RATIO_DISAGREEMENT windows 1 entries 0 load 5.7
73/94 R2-I002 5.5s CHOICE windows 4 entries 2 load 5.7
74/94 UF-002 14.7s CHOICE windows 3 entries 2 load 6.1
75/94 R2-I001 7.8s CHOICE windows 4 entries 3 load 6.1
76/94 R2-I011 0.8s AMBIGUOUS windows 3 entries 0 load 6.1
77/94 R2-I013 0.6s ANSWER windows 2 entries 1 load 6.1
78/94 R2-I014 0.2s AMBIGUOUS windows 1 entries 0 load 6.1
79/94 R2-I012 0.8s ANSWER windows 1 entries 1 load 6.1
80/94 R2-I016 0.2s ANSWER windows 3 entries 1 load 6.1
81/94 R2-I015 1.3s CHOICE windows 3 entries 3 load 6.1
82/94 UF-020 10.2s ANSWER windows 4 entries 1 load 6.1
83/94 R2-I018 0.5s ANSWER windows 2 entries 1 load 6.1
84/94 R2-I019 1.1s ANSWER windows 2 entries 1 load 6.2
85/94 R2-U001 1.2s CHOICE windows 4 entries 6 load 6.2
86/94 R2-I010 6.4s ANSWER windows 4 entries 1 load 6.2
87/94 R2-U003 0.5s ANSWER windows 1 entries 1 load 6.2
88/94 R2-U004 0.0s ANSWER windows 1 entries 1 load 6.2
89/94 R2-U005 0.5s CHOICE windows 3 entries 3 load 6.2
90/94 R2-I008 9.0s ANSWER windows 4 entries 1 load 6.2
91/94 R2-U002 1.8s ANSWER windows 3 entries 1 load 6.2
92/94 R2-I017 7.4s ANSWER windows 3 entries 1 load 6.0
93/94 R2-I020 6.7s ANSWER windows 3 entries 1 load 6.0
94/94 R2-I009 15.3s ANSWER windows 4 entries 1 load 6.0
done 94 (0 errors) in 44s
== standard plain: load 5.68 3.76 3.41
window index load 1.1s; 592 windows; corpus 725d5ac1a8d2 slide 3df141b12327 place 07db87511ff1; 94 questions; workers 6; PYTHONHASHSEED=0
94 to do, 0 kept from an earlier run
1/94 I2-006 1.0s UNKNOWN_NO_FIXED_POINT windows 8 entries 0 load 5.7
2/94 I2-004 1.0s UNKNOWN_NO_FIXED_POINT windows 8 entries 0 load 5.7
3/94 I2-003 1.1s AMBIGUOUS windows 8 entries 0 load 5.7
4/94 I2-005 1.1s AMBIGUOUS windows 8 entries 0 load 5.7
5/94 I2-010 3.1s AMBIGUOUS windows 2 entries 0 load 5.8
6/94 I2-001 6.5s UNKNOWN_NO_FIXED_POINT windows 3 entries 0 load 5.8
7/94 I2-008 8.5s UNKNOWN_NO_FIXED_POINT windows 7 entries 0 load 6.0
8/94 I2-009 8.5s UNKNOWN_NO_FIXED_POINT windows 8 entries 0 load 6.0
9/94 I2-014 0.1s AMBIGUOUS windows 3 entries 0 load 6.0
10/94 I2-013 0.8s AMBIGUOUS windows 4 entries 0 load 6.0
11/94 I2-007 9.8s CHOICE windows 8 entries 2 load 6.0
12/94 I2-002 11.3s CHOICE windows 9 entries 3 load 6.0
13/94 I2-012 6.3s AMBIGUOUS windows 9 entries 0 load 6.0
14/94 I2-019 2.1s CHOICE windows 3 entries 3 load 6.2
15/94 I2-011 11.0s CHOICE windows 10 entries 3 load 6.2
16/94 I2-017 4.6s UNKNOWN_NO_FIXED_POINT windows 6 entries 0 load 6.2
17/94 I2-016 6.2s CHOICE windows 5 entries 4 load 6.2
18/94 I2-023 2.3s UNKNOWN_NO_FIXED_POINT windows 2 entries 0 load 6.4
19/94 I2-018 8.4s ANSWER windows 8 entries 1 load 6.4
20/94 I2-020 5.0s AMBIGUOUS windows 3 entries 0 load 6.4
21/94 I2-021 5.3s ANSWER windows 5 entries 1 load 6.4
22/94 I2-022 7.3s AMBIGUOUS windows 5 entries 0 load 6.4
23/94 I2-026 5.1s ANSWER windows 6 entries 1 load 6.5
24/94 I2-029 0.6s CHOICE windows 3 entries 2 load 6.5
25/94 I2-030 3.1s UNKNOWN_NO_FIXED_POINT windows 4 entries 0 load 6.7
26/94 I2-027 8.9s ANSWER windows 8 entries 1 load 6.7
27/94 I2-024 14.1s UNKNOWN_NO_FIXED_POINT windows 10 entries 0 load 6.7
28/94 I2-031 4.6s CHOICE windows 4 entries 2 load 6.7
29/94 I2-025 13.8s CHOICE windows 10 entries 4 load 6.7
30/94 I2-028 12.0s AMBIGUOUS windows 7 entries 0 load 6.8
31/94 I2-035 1.7s UNKNOWN_RATIO_DISAGREEMENT windows 2 entries 0 load 6.8
32/94 I2-033 4.0s UNKNOWN_NO_FIXED_POINT windows 5 entries 0 load 6.8
33/94 I2-034 4.3s CHOICE windows 3 entries 2 load 6.8
34/94 I2-039 0.0s UNKNOWN_NO_EVIDENCE windows 1 entries 0 load 6.8
35/94 I2-040 0.0s UNKNOWN_NO_EVIDENCE windows 1 entries 0 load 6.8
36/94 I2-015 28.0s UNKNOWN_NO_FIXED_POINT windows 10 entries 0 load 6.8
37/94 I2-032 8.7s ANSWER windows 5 entries 1 load 6.8
38/94 I2-036 5.0s ANSWER windows 4 entries 1 load 7.1
39/94 I2-038 3.9s CHOICE windows 9 entries 10 load 7.1
40/94 I2-042 3.9s CHOICE windows 6 entries 2 load 7.1
41/94 I2-046 0.4s AMBIGUOUS windows 4 entries 0 load 7.1
42/94 I2-047 1.5s CHOICE windows 4 entries 4 load 7.1
43/94 I2-041 6.4s CHOICE windows 10 entries 3 load 7.3
44/94 I2-044 6.1s CHOICE windows 9 entries 5 load 7.3
45/94 I2-045 7.6s CHOICE windows 10 entries 2 load 7.3
46/94 I2-048 5.6s CHOICE windows 9 entries 6 load 7.5
47/94 UF-003 0.9s UNKNOWN_NO_FIXED_POINT windows 1 entries 0 load 7.5
48/94 UF-004 0.4s UNKNOWN_UNSTABLE_AXIS_IMPROVABLE windows 1 entries 0 load 7.5
49/94 I2-043 12.4s AMBIGUOUS windows 10 entries 0 load 7.5
50/94 UF-006 0.5s UNKNOWN_RATIO_DISAGREEMENT windows 3 entries 0 load 7.5
51/94 I2-037 15.7s CHOICE windows 10 entries 5 load 7.5
52/94 UF-008 0.6s ANSWER windows 1 entries 1 load 7.5
53/94 UF-007 2.0s CHOICE windows 7 entries 3 load 7.5
54/94 UF-001 10.0s UNKNOWN_NO_FIXED_POINT windows 5 entries 0 load 7.8
55/94 UF-005 6.2s AMBIGUOUS windows 3 entries 0 load 7.8
56/94 UF-012 0.0s UNKNOWN_RATIO_DISAGREEMENT windows 1 entries 0 load 7.8
57/94 UF-009 6.7s UNKNOWN_NO_FIXED_POINT windows 3 entries 0 load 7.8
58/94 UF-002 10.5s ANSWER windows 3 entries 1 load 7.8
59/94 UF-013 3.3s CHOICE windows 3 entries 5 load 7.8
60/94 UF-014 5.5s AMBIGUOUS windows 3 entries 0 load 7.8
61/94 UF-010 11.6s CHOICE windows 10 entries 2 load 7.8
62/94 I2-050 21.0s ANSWER windows 8 entries 1 load 7.8
63/94 UF-015 7.3s CHOICE windows 6 entries 2 load 7.8
64/94 UF-018 2.0s UNKNOWN_RATIO_DISAGREEMENT windows 1 entries 0 load 7.8
65/94 UF-019 1.7s UNKNOWN_NO_FIXED_POINT windows 3 entries 0 load 7.8
66/94 UF-017 4.5s AMBIGUOUS windows 10 entries 0 load 7.8
67/94 R2-I003 0.3s UNKNOWN_SECTION_DISAGREEMENT windows 1 entries 0 load 7.8
68/94 R2-I001 4.4s CHOICE windows 4 entries 3 load 7.8
69/94 UF-016 10.9s ANSWER windows 7 entries 1 load 7.8
70/94 R2-I004 2.1s ANSWER windows 8 entries 1 load 7.8
71/94 R2-I005 0.6s CHOICE windows 3 entries 2 load 7.8
72/94 R2-I007 1.9s UNKNOWN_RATIO_DISAGREEMENT windows 1 entries 0 load 7.8
73/94 UF-011 17.8s UNKNOWN_NO_FIXED_POINT windows 9 entries 0 load 7.8
74/94 R2-I002 6.9s CHOICE windows 6 entries 3 load 7.8
75/94 R2-I006 4.5s CHOICE windows 5 entries 9 load 8.2
76/94 R2-I011 3.1s ANSWER windows 6 entries 1 load 8.2
77/94 UF-020 11.7s ANSWER windows 9 entries 1 load 8.2
78/94 R2-I014 0.1s UNKNOWN_RATIO_DISAGREEMENT windows 1 entries 0 load 8.2
79/94 R2-I012 4.5s UNKNOWN_NO_FIXED_POINT windows 1 entries 0 load 8.4
80/94 R2-I016 0.1s UNKNOWN_RATIO_DISAGREEMENT windows 3 entries 0 load 8.4
81/94 R2-I013 6.2s CHOICE windows 9 entries 5 load 8.4
82/94 R2-I015 5.8s CHOICE windows 9 entries 7 load 8.6
83/94 R2-I019 0.9s UNKNOWN_UNSTABLE_AXIS_IMPROVABLE windows 2 entries 0 load 8.6
84/94 R2-I008 14.6s CHOICE windows 5 entries 4 load 8.6
85/94 R2-U001 1.8s CHOICE windows 9 entries 2 load 8.6
86/94 R2-U002 0.4s UNKNOWN_SECTION_DISAGREEMENT windows 3 entries 0 load 8.6
87/94 R2-U003 0.5s UNKNOWN_NO_FIXED_POINT windows 1 entries 0 load 8.6
88/94 R2-U004 0.0s UNKNOWN_RATIO_DISAGREEMENT windows 1 entries 0 load 8.6
89/94 R2-I010 16.1s ANSWER windows 10 entries 1 load 8.4
90/94 R2-I018 6.9s CHOICE windows 10 entries 3 load 8.4
91/94 R2-U005 1.1s UNKNOWN_NO_FIXED_POINT windows 3 entries 0 load 8.4
92/94 R2-I017 11.1s CHOICE windows 6 entries 5 load 8.4
93/94 R2-I020 12.0s CHOICE windows 8 entries 8 load 8.0
94/94 R2-I009 24.0s CHOICE windows 10 entries 2 load 8.0
done 94 (0 errors) in 98s
== standard window: load 8.01 5.11 3.97
window index load 1.1s; 592 windows; corpus 725d5ac1a8d2 slide 3df141b12327 place 07db87511ff1; 94 questions; workers 6; PYTHONHASHSEED=0
94 to do, 0 kept from an earlier run
1/94 I2-004 0.4s CHOICE windows 8 entries 2 load 8.0
2/94 I2-006 0.4s CHOICE windows 8 entries 2 load 8.0
3/94 I2-005 0.4s CHOICE windows 8 entries 2 load 8.0
4/94 I2-003 0.4s CHOICE windows 8 entries 2 load 8.0
5/94 I2-010 1.9s CHOICE windows 2 entries 2 load 8.0
6/94 I2-001 3.2s UNKNOWN_NO_FIXED_POINT windows 3 entries 0 load 8.0
7/94 I2-008 3.6s CHOICE windows 7 entries 7 load 8.0
8/94 I2-013 0.2s CHOICE windows 4 entries 3 load 8.0
9/94 I2-014 0.1s CHOICE windows 3 entries 2 load 8.0
10/94 I2-009 5.9s CHOICE windows 8 entries 7 load 7.9
11/94 I2-007 6.1s CHOICE windows 8 entries 2 load 7.9
12/94 I2-002 9.6s CHOICE windows 9 entries 4 load 7.9
13/94 I2-017 3.8s CHOICE windows 6 entries 2 load 7.8
14/94 I2-011 8.2s CHOICE windows 10 entries 4 load 7.8
15/94 I2-016 4.2s CHOICE windows 5 entries 5 load 7.8
16/94 I2-012 9.0s CHOICE windows 9 entries 2 load 7.8
17/94 I2-019 1.9s CHOICE windows 3 entries 3 load 7.8
18/94 I2-020 4.5s ANSWER windows 3 entries 1 load 7.8
19/94 I2-023 3.3s UNKNOWN_NO_FIXED_POINT windows 2 entries 0 load 7.8
20/94 I2-021 5.4s CHOICE windows 5 entries 4 load 7.8
21/94 I2-018 7.6s CHOICE windows 8 entries 3 load 7.8
22/94 I2-022 5.8s CHOICE windows 5 entries 4 load 7.8
23/94 I2-026 3.0s CHOICE windows 6 entries 2 load 7.8
24/94 I2-029 0.5s ANSWER windows 3 entries 1 load 7.8
25/94 I2-015 15.8s CHOICE windows 10 entries 4 load 7.7
26/94 I2-030 2.7s CHOICE windows 4 entries 2 load 7.7
27/94 I2-027 6.6s ANSWER windows 8 entries 1 load 7.7
28/94 I2-031 4.5s CHOICE windows 4 entries 2 load 7.7
29/94 I2-025 11.3s CHOICE windows 10 entries 8 load 7.7
30/94 I2-033 3.6s UNKNOWN_NO_FIXED_POINT windows 5 entries 0 load 7.7
31/94 I2-034 3.2s CHOICE windows 3 entries 6 load 7.7
32/94 I2-035 1.2s ANSWER windows 2 entries 1 load 7.7
33/94 I2-028 12.0s ANSWER windows 7 entries 1 load 7.7
34/94 I2-039 0.1s UNKNOWN_NO_EVIDENCE windows 1 entries 0 load 7.7
35/94 I2-040 0.1s UNKNOWN_NO_EVIDENCE windows 1 entries 0 load 7.7
36/94 I2-032 8.2s CHOICE windows 5 entries 3 load 7.7
37/94 I2-036 3.8s ANSWER windows 4 entries 1 load 7.7
38/94 I2-024 16.7s ANSWER windows 10 entries 1 load 7.7
39/94 I2-042 3.6s CHOICE windows 6 entries 4 load 7.7
40/94 I2-038 6.4s CHOICE windows 9 entries 11 load 7.7
41/94 I2-046 0.9s ANSWER windows 4 entries 1 load 7.6
42/94 I2-044 3.9s CHOICE windows 9 entries 7 load 7.6
43/94 I2-047 1.2s CHOICE windows 4 entries 5 load 7.6
44/94 I2-037 11.5s CHOICE windows 10 entries 6 load 7.6
45/94 I2-048 4.5s CHOICE windows 9 entries 8 load 7.6
46/94 I2-041 12.0s CHOICE windows 10 entries 2 load 7.6
47/94 UF-003 0.2s UNKNOWN_UNSTABLE_AXIS_IMPROVABLE windows 1 entries 0 load 7.6
48/94 UF-004 0.3s ANSWER windows 1 entries 1 load 7.6
49/94 I2-043 12.0s CHOICE windows 10 entries 4 load 7.6
50/94 UF-006 0.6s ANSWER windows 3 entries 1 load 7.6
51/94 UF-005 2.6s CHOICE windows 3 entries 2 load 7.6
52/94 UF-001 5.9s UNKNOWN_NO_FIXED_POINT windows 5 entries 0 load 7.5
53/94 UF-008 1.0s CHOICE windows 1 entries 5 load 7.5
54/94 UF-007 3.1s CHOICE windows 7 entries 3 load 7.5
55/94 UF-009 3.5s UNKNOWN_NO_FIXED_POINT windows 3 entries 0 load 7.5
56/94 UF-012 0.1s ANSWER windows 1 entries 1 load 7.5
57/94 I2-045 15.0s CHOICE windows 10 entries 3 load 7.5
58/94 UF-013 3.8s CHOICE windows 3 entries 3 load 7.5
59/94 UF-014 4.3s ANSWER windows 3 entries 1 load 7.5
60/94 UF-010 7.6s ANSWER windows 10 entries 1 load 7.5
61/94 UF-002 14.5s CHOICE windows 3 entries 2 load 7.5
62/94 I2-050 18.0s CHOICE windows 8 entries 5 load 7.5
63/94 UF-018 0.9s UNKNOWN_RATIO_DISAGREEMENT windows 1 entries 0 load 7.5
64/94 UF-019 1.1s CHOICE windows 3 entries 3 load 7.5
65/94 UF-015 5.0s CHOICE windows 6 entries 4 load 7.5
66/94 UF-011 12.7s ANSWER windows 9 entries 1 load 7.5
67/94 UF-017 5.9s CHOICE windows 10 entries 4 load 7.5
68/94 R2-I003 0.2s AMBIGUOUS windows 1 entries 0 load 7.5
69/94 R2-I005 0.4s ANSWER windows 3 entries 1 load 7.4
70/94 R2-I004 1.8s CHOICE windows 8 entries 6 load 7.4
71/94 R2-I007 1.1s UNKNOWN_RATIO_DISAGREEMENT windows 1 entries 0 load 7.4
72/94 R2-I006 2.8s CHOICE windows 5 entries 10 load 7.4
73/94 R2-I001 7.7s CHOICE windows 4 entries 3 load 7.4
74/94 R2-I002 6.1s CHOICE windows 6 entries 5 load 7.4
75/94 UF-016 11.2s CHOICE windows 7 entries 4 load 7.4
76/94 R2-I012 1.0s ANSWER windows 1 entries 1 load 7.4
77/94 R2-I011 1.7s ANSWER windows 6 entries 1 load 7.4
78/94 R2-I014 0.2s AMBIGUOUS windows 1 entries 0 load 7.4
79/94 UF-020 14.4s CHOICE windows 9 entries 2 load 7.4
80/94 R2-I015 4.4s CHOICE windows 9 entries 8 load 7.4
81/94 R2-I016 0.2s ANSWER windows 3 entries 1 load 7.4
82/94 R2-I013 6.0s CHOICE windows 9 entries 6 load 7.3
83/94 R2-I008 9.4s ANSWER windows 5 entries 1 load 7.3
84/94 R2-I019 1.2s ANSWER windows 2 entries 1 load 7.3
85/94 R2-U001 1.5s CHOICE windows 9 entries 11 load 7.3
86/94 R2-I010 11.0s CHOICE windows 10 entries 6 load 7.3
87/94 R2-U003 0.5s ANSWER windows 1 entries 1 load 7.3
88/94 R2-U004 0.0s ANSWER windows 1 entries 1 load 7.3
89/94 R2-U005 0.5s CHOICE windows 3 entries 3 load 7.3
90/94 R2-U002 1.8s ANSWER windows 3 entries 1 load 7.3
91/94 R2-I018 6.1s CHOICE windows 10 entries 9 load 7.3
92/94 R2-I017 8.6s CHOICE windows 6 entries 5 load 7.3
93/94 R2-I020 8.1s CHOICE windows 8 entries 7 load 7.3
94/94 R2-I009 20.4s CHOICE windows 10 entries 7 load 7.0
done 94 (0 errors) in 85s
WINDOWSDONE
