tower RUN low: levels [560, 143, 26, 1], units 730, packs 726, build 45 s cpu, sha fe7ff3c699f1
1/90 a01 UNKNOWN_NO_PATH 8838 ms
2/90 a02 ANSWER 3940 ms
3/90 a03 ANSWER 3624 ms
4/90 a04 ANSWER 8624 ms
5/90 a05 CHOICE 10704 ms
6/90 a06 ANSWER 11072 ms
7/90 a07 ANSWER 10223 ms
8/90 a08 ANSWER 10207 ms
9/90 a09 ANSWER 9077 ms
10/90 a10 ANSWER 9390 ms
11/90 a11 CHOICE 21030 ms
12/90 a12 CHOICE 10911 ms
13/90 a13 CHOICE 3699 ms
14/90 a14 ANSWER 9844 ms
15/90 a15 ANSWER 12263 ms
16/90 a16 ANSWER 3884 ms
17/90 a17 CHOICE 13686 ms
18/90 a18 ANSWER 9482 ms
19/90 a19 ANSWER 9683 ms
20/90 a20 ANSWER 9870 ms
21/90 a21 UNKNOWN_NO_PATH 9850 ms
22/90 a22 ANSWER 10005 ms
23/90 a23 ANSWER 12539 ms
24/90 a24 ANSWER 9643 ms
25/90 a25 UNKNOWN_NO_PATH 7341 ms
26/90 a26 ANSWER 5842 ms
27/90 a27 ANSWER 9516 ms
28/90 a28 ANSWER 9151 ms
29/90 a29 UNKNOWN_NO_PATH 9059 ms
30/90 a30 ANSWER 1612 ms
31/90 a31 UNKNOWN_NO_PATH 2340 ms
32/90 a32 CHOICE 3654 ms
33/90 a33 ANSWER 2859 ms
34/90 a34 ANSWER 2485 ms
35/90 a35 ANSWER 2387 ms
36/90 a36 UNKNOWN_NO_PATH 3220 ms
37/90 a37 CHOICE 10590 ms
38/90 a38 ANSWER 2333 ms
39/90 a39 ANSWER 3198 ms
40/90 a40 ANSWER 1545 ms
41/90 a41 CHOICE 13357 ms
42/90 a42 ANSWER 1800 ms
43/90 a43 ANSWER 1519 ms
44/90 a44 UNKNOWN_NO_PATH 1929 ms
45/90 a45 ANSWER 64 ms
46/90 a46 ANSWER 55 ms
47/90 a47 UNKNOWN_NO_PATH 69 ms
48/90 a48 ANSWER 382 ms
49/90 a49 CHOICE 12511 ms
50/90 a50 ANSWER 2296 ms
51/90 a51 ANSWER 25 ms
52/90 a52 ANSWER 23 ms
53/90 a53 ANSWER 392 ms
54/90 a54 ANSWER 19 ms
55/90 a55 CHOICE 978 ms
56/90 a56 UNKNOWN_NO_PATH 191 ms
57/90 a57 ANSWER 1287 ms
58/90 a58 ANSWER 224 ms
59/90 a59 ANSWER 723 ms
60/90 a60 ANSWER 306 ms
61/90 u01 UNKNOWN_NO_EVIDENCE 0 ms
62/90 u02 UNKNOWN_NO_EVIDENCE 0 ms
63/90 u03 CHOICE 16439 ms
64/90 u04 ANSWER 175 ms
65/90 u05 UNKNOWN_NO_EVIDENCE 0 ms
66/90 u06 UNKNOWN_NO_EVIDENCE 0 ms
67/90 u07 UNKNOWN_NO_EVIDENCE 0 ms
68/90 u08 UNKNOWN_NO_EVIDENCE 0 ms
69/90 u09 ANSWER 3169 ms
70/90 u10 UNKNOWN_NO_EVIDENCE 0 ms
71/90 u11 UNKNOWN_NO_EVIDENCE 0 ms
72/90 u12 UNKNOWN_NO_EVIDENCE 0 ms
73/90 u13 UNKNOWN_NO_EVIDENCE 0 ms
74/90 u14 UNKNOWN_NO_EVIDENCE 0 ms
75/90 u15 CHOICE 13488 ms
76/90 u16 UNKNOWN_NO_EVIDENCE 1 ms
77/90 u17 UNKNOWN_NO_EVIDENCE 0 ms
78/90 u18 UNKNOWN_NO_EVIDENCE 0 ms
79/90 u19 CHOICE 19287 ms
80/90 u20 UNKNOWN_NO_EVIDENCE 0 ms
81/90 u21 UNKNOWN_NO_PATH 8290 ms
82/90 u22 UNKNOWN_NO_PATH 3740 ms
83/90 u23 UNKNOWN_NO_PATH 9114 ms
84/90 u24 ANSWER 1541 ms
85/90 u25 ANSWER 2505 ms
86/90 u26 CHOICE 12148 ms
87/90 u27 ANSWER 11675 ms
88/90 u28 ANSWER 4457 ms
89/90 u29 UNKNOWN_NO_PATH 3132 ms
90/90 u30 CHOICE 2407 ms
done 90 in 459 s
