tower RUN low: levels [560, 143, 26, 1], units 730, packs 726, build 48 s cpu, sha fe7ff3c699f1
1/90 a01 UNKNOWN_NO_PATH 9271 ms
2/90 a02 ANSWER 4137 ms
3/90 a03 ANSWER 3829 ms
4/90 a04 ANSWER 9063 ms
5/90 a05 UNKNOWN_NO_PATH 11195 ms
6/90 a06 ANSWER 11108 ms
7/90 a07 ANSWER 10771 ms
8/90 a08 ANSWER 10752 ms
9/90 a09 ANSWER 9493 ms
10/90 a10 ANSWER 9826 ms
11/90 a11 UNKNOWN_NO_PATH 17652 ms
12/90 a12 UNKNOWN_NO_PATH 10070 ms
13/90 a13 UNKNOWN_NO_PATH 3805 ms
14/90 a14 ANSWER 10265 ms
15/90 a15 ANSWER 12960 ms
16/90 a16 ANSWER 4241 ms
17/90 a17 UNKNOWN_NO_PATH 10829 ms
18/90 a18 ANSWER 10389 ms
19/90 a19 ANSWER 10897 ms
20/90 a20 ANSWER 11048 ms
21/90 a21 UNKNOWN_NO_PATH 11032 ms
22/90 a22 ANSWER 11274 ms
23/90 a23 ANSWER 13609 ms
24/90 a24 ANSWER 10292 ms
25/90 a25 UNKNOWN_NO_PATH 7941 ms
26/90 a26 ANSWER 6545 ms
27/90 a27 ANSWER 10699 ms
28/90 a28 ANSWER 10287 ms
29/90 a29 UNKNOWN_NO_PATH 10708 ms
30/90 a30 ANSWER 1856 ms
31/90 a31 UNKNOWN_NO_PATH 2647 ms
32/90 a32 UNKNOWN_NO_PATH 4080 ms
33/90 a33 ANSWER 3249 ms
34/90 a34 ANSWER 2845 ms
35/90 a35 ANSWER 2748 ms
36/90 a36 UNKNOWN_NO_PATH 3541 ms
37/90 a37 UNKNOWN_NO_PATH 10418 ms
38/90 a38 ANSWER 2653 ms
39/90 a39 ANSWER 3628 ms
40/90 a40 ANSWER 1756 ms
41/90 a41 UNKNOWN_NO_PATH 795 ms
42/90 a42 ANSWER 2041 ms
43/90 a43 ANSWER 1872 ms
44/90 a44 UNKNOWN_NO_PATH 2413 ms
45/90 a45 ANSWER 80 ms
46/90 a46 ANSWER 68 ms
47/90 a47 UNKNOWN_NO_PATH 85 ms
48/90 a48 ANSWER 474 ms
49/90 a49 UNKNOWN_NO_PATH 1139 ms
50/90 a50 ANSWER 2849 ms
51/90 a51 ANSWER 31 ms
52/90 a52 ANSWER 29 ms
53/90 a53 ANSWER 489 ms
54/90 a54 ANSWER 23 ms
55/90 a55 UNKNOWN_NO_PATH 245 ms
56/90 a56 UNKNOWN_NO_PATH 238 ms
57/90 a57 ANSWER 1610 ms
58/90 a58 ANSWER 278 ms
59/90 a59 ANSWER 899 ms
60/90 a60 ANSWER 394 ms
61/90 u01 UNKNOWN_NO_EVIDENCE 0 ms
62/90 u02 UNKNOWN_NO_EVIDENCE 0 ms
63/90 u03 UNKNOWN_NO_PATH 3741 ms
64/90 u04 UNKNOWN_NO_PATH 198 ms
65/90 u05 UNKNOWN_NO_EVIDENCE 0 ms
66/90 u06 UNKNOWN_NO_EVIDENCE 0 ms
67/90 u07 UNKNOWN_NO_EVIDENCE 0 ms
68/90 u08 UNKNOWN_NO_EVIDENCE 0 ms
69/90 u09 ANSWER 3606 ms
70/90 u10 UNKNOWN_NO_EVIDENCE 0 ms
71/90 u11 UNKNOWN_NO_EVIDENCE 0 ms
72/90 u12 UNKNOWN_NO_EVIDENCE 0 ms
73/90 u13 UNKNOWN_NO_EVIDENCE 0 ms
74/90 u14 UNKNOWN_NO_EVIDENCE 0 ms
75/90 u15 UNKNOWN_NO_PATH 930 ms
76/90 u16 UNKNOWN_NO_EVIDENCE 0 ms
77/90 u17 UNKNOWN_NO_EVIDENCE 0 ms
78/90 u18 UNKNOWN_NO_EVIDENCE 0 ms
79/90 u19 UNKNOWN_NO_PATH 17576 ms
80/90 u20 UNKNOWN_NO_EVIDENCE 0 ms
81/90 u21 UNKNOWN_NO_PATH 9402 ms
82/90 u22 UNKNOWN_NO_PATH 4227 ms
83/90 u23 UNKNOWN_NO_PATH 10386 ms
84/90 u24 ANSWER 1768 ms
85/90 u25 ANSWER 2853 ms
86/90 u26 UNKNOWN_NO_PATH 13309 ms
87/90 u27 ANSWER 13066 ms
88/90 u28 ANSWER 4920 ms
89/90 u29 UNKNOWN_NO_PATH 3459 ms
90/90 u30 UNKNOWN_NO_PATH 2497 ms
done 90 in 432 s
