tower RUN low: levels [474, 79, 4, 1], units 558, packs 554, build 35 s cpu, sha acd3ccf7d1ff
1/90 a01 UNKNOWN_NO_PATH 1791 ms
2/90 a02 UNKNOWN_NO_PATH 1814 ms
3/90 a03 UNKNOWN_NO_PATH 2249 ms
4/90 a04 UNKNOWN_NO_PATH 2641 ms
5/90 a05 UNKNOWN_NO_PATH 3450 ms
6/90 a06 UNKNOWN_NO_PATH 2461 ms
7/90 a07 UNKNOWN_NO_PATH 1692 ms
8/90 a08 UNKNOWN_NO_PATH 1460 ms
9/90 a09 CHOICE 2294 ms
10/90 a10 UNKNOWN_NO_PATH 2356 ms
11/90 a11 UNKNOWN_NO_PATH 3204 ms
12/90 a12 UNKNOWN_NO_PATH 3001 ms
13/90 a13 UNKNOWN_NO_PATH 1718 ms
14/90 a14 UNKNOWN_NO_PATH 1698 ms
15/90 a15 UNKNOWN_NO_PATH 1693 ms
16/90 a16 UNKNOWN_NO_PATH 1703 ms
17/90 a17 ANSWER 3757 ms
18/90 a18 UNKNOWN_NO_PATH 1714 ms
19/90 a19 UNKNOWN_NO_PATH 1815 ms
20/90 a20 UNKNOWN_NO_PATH 1410 ms
21/90 a21 UNKNOWN_NO_PATH 1701 ms
22/90 a22 UNKNOWN_NO_PATH 1705 ms
23/90 a23 UNKNOWN_NO_PATH 1670 ms
24/90 a24 UNKNOWN_NO_PATH 2403 ms
25/90 a25 UNKNOWN_NO_PATH 2464 ms
26/90 a26 UNKNOWN_NO_PATH 2511 ms
27/90 a27 UNKNOWN_NO_PATH 2084 ms
28/90 a28 UNKNOWN_NO_PATH 2952 ms
29/90 a29 UNKNOWN_NO_PATH 2163 ms
30/90 a30 ANSWER 1815 ms
31/90 a31 UNKNOWN_NO_PATH 2856 ms
32/90 a32 UNKNOWN_NO_PATH 527 ms
33/90 a33 UNKNOWN_NO_PATH 951 ms
34/90 a34 UNKNOWN_NO_PATH 953 ms
35/90 a35 UNKNOWN_NO_PATH 830 ms
36/90 a36 UNKNOWN_NO_PATH 1201 ms
37/90 a37 UNKNOWN_NO_PATH 4083 ms
38/90 a38 UNKNOWN_NO_PATH 1047 ms
39/90 a39 UNKNOWN_NO_PATH 787 ms
40/90 a40 UNKNOWN_NO_PATH 785 ms
41/90 a41 ANSWER 3412 ms
42/90 a42 UNKNOWN_NO_PATH 783 ms
43/90 a43 UNKNOWN_NO_PATH 818 ms
44/90 a44 UNKNOWN_NO_PATH 855 ms
45/90 a45 UNKNOWN_NO_PATH 787 ms
46/90 a46 UNKNOWN_NO_PATH 1802 ms
47/90 a47 UNKNOWN_NO_PATH 786 ms
48/90 a48 ANSWER 469 ms
49/90 a49 ANSWER 3357 ms
50/90 a50 UNKNOWN_NO_PATH 1902 ms
51/90 a51 UNKNOWN_NO_PATH 70 ms
52/90 a52 UNKNOWN_NO_STATE 105 ms
53/90 a53 UNKNOWN_NO_PATH 119 ms
54/90 a54 UNKNOWN_NO_STATE 161 ms
55/90 a55 ANSWER 23 ms
56/90 a56 UNKNOWN_NO_STATE 107 ms
57/90 a57 UNKNOWN_NO_PATH 1076 ms
58/90 a58 UNKNOWN_NO_PATH 1105 ms
59/90 a59 UNKNOWN_NO_PATH 433 ms
60/90 a60 UNKNOWN_NO_STATE 153 ms
61/90 u01 UNKNOWN_NO_EVIDENCE 0 ms
62/90 u02 UNKNOWN_NO_EVIDENCE 0 ms
63/90 u03 UNKNOWN_NO_PATH 5321 ms
64/90 u04 UNKNOWN_NO_PATH 512 ms
65/90 u05 UNKNOWN_NO_EVIDENCE 0 ms
66/90 u06 UNKNOWN_NO_EVIDENCE 0 ms
67/90 u07 UNKNOWN_NO_EVIDENCE 0 ms
68/90 u08 UNKNOWN_NO_EVIDENCE 0 ms
69/90 u09 UNKNOWN_NO_PATH 1555 ms
70/90 u10 UNKNOWN_NO_EVIDENCE 0 ms
71/90 u11 UNKNOWN_NO_EVIDENCE 0 ms
72/90 u12 UNKNOWN_NO_EVIDENCE 0 ms
73/90 u13 UNKNOWN_NO_EVIDENCE 0 ms
74/90 u14 UNKNOWN_NO_EVIDENCE 0 ms
75/90 u15 ANSWER 3427 ms
76/90 u16 UNKNOWN_NO_EVIDENCE 0 ms
77/90 u17 UNKNOWN_NO_EVIDENCE 0 ms
78/90 u18 UNKNOWN_NO_EVIDENCE 0 ms
79/90 u19 UNKNOWN_NO_PATH 2824 ms
80/90 u20 UNKNOWN_NO_EVIDENCE 0 ms
81/90 u21 UNKNOWN_NO_PATH 1556 ms
82/90 u22 UNKNOWN_NO_PATH 1627 ms
83/90 u23 UNKNOWN_NO_PATH 1992 ms
84/90 u24 UNKNOWN_NO_PATH 818 ms
85/90 u25 UNKNOWN_NO_PATH 850 ms
86/90 u26 ANSWER 2874 ms
87/90 u27 UNKNOWN_NO_PATH 1617 ms
88/90 u28 UNKNOWN_NO_PATH 839 ms
89/90 u29 UNKNOWN_NO_PATH 1208 ms
90/90 u30 UNKNOWN_NO_PATH 849 ms
done 90 in 126 s
