tower RUN low: levels [560, 143, 26, 1], units 730, packs 726, build 45 s cpu, sha fe7ff3c699f1
1/90 a01 UNKNOWN_NO_PATH 8848 ms
2/90 a02 ANSWER 3953 ms
3/90 a03 ANSWER 3622 ms
4/90 a04 ANSWER 8634 ms
5/90 a05 ANSWER 10629 ms
6/90 a06 ANSWER 10992 ms
7/90 a07 ANSWER 10226 ms
8/90 a08 ANSWER 10196 ms
9/90 a09 ANSWER 8983 ms
10/90 a10 ANSWER 9420 ms
11/90 a11 UNKNOWN_NO_PATH 17382 ms
12/90 a12 CHOICE 10966 ms
13/90 a13 CHOICE 3624 ms
14/90 a14 ANSWER 9814 ms
15/90 a15 ANSWER 12334 ms
16/90 a16 ANSWER 4162 ms
17/90 a17 UNKNOWN_NO_PATH 14718 ms
18/90 a18 ANSWER 10087 ms
19/90 a19 ANSWER 10397 ms
20/90 a20 ANSWER 10584 ms
21/90 a21 UNKNOWN_NO_PATH 10570 ms
22/90 a22 ANSWER 10821 ms
23/90 a23 ANSWER 13032 ms
24/90 a24 ANSWER 9902 ms
25/90 a25 UNKNOWN_NO_PATH 7590 ms
26/90 a26 ANSWER 6225 ms
27/90 a27 ANSWER 10182 ms
28/90 a28 ANSWER 9729 ms
29/90 a29 UNKNOWN_NO_PATH 9837 ms
30/90 a30 ANSWER 1744 ms
31/90 a31 UNKNOWN_NO_PATH 2511 ms
32/90 a32 CHOICE 3895 ms
33/90 a33 ANSWER 3086 ms
34/90 a34 ANSWER 2687 ms
35/90 a35 ANSWER 2587 ms
36/90 a36 UNKNOWN_NO_PATH 3363 ms
37/90 a37 UNKNOWN_NO_PATH 11530 ms
38/90 a38 ANSWER 2530 ms
39/90 a39 ANSWER 3467 ms
40/90 a40 ANSWER 1691 ms
41/90 a41 UNKNOWN_NO_PATH 14340 ms
42/90 a42 ANSWER 1950 ms
43/90 a43 ANSWER 1781 ms
44/90 a44 UNKNOWN_NO_PATH 2279 ms
45/90 a45 ANSWER 77 ms
46/90 a46 ANSWER 64 ms
47/90 a47 UNKNOWN_NO_PATH 83 ms
48/90 a48 ANSWER 445 ms
49/90 a49 UNKNOWN_NO_PATH 11006 ms
50/90 a50 ANSWER 2716 ms
51/90 a51 ANSWER 28 ms
52/90 a52 ANSWER 27 ms
53/90 a53 ANSWER 462 ms
54/90 a54 ANSWER 22 ms
55/90 a55 CHOICE 1119 ms
56/90 a56 UNKNOWN_NO_PATH 227 ms
57/90 a57 ANSWER 1532 ms
58/90 a58 ANSWER 268 ms
59/90 a59 ANSWER 852 ms
60/90 a60 ANSWER 373 ms
61/90 u01 UNKNOWN_NO_EVIDENCE 0 ms
62/90 u02 UNKNOWN_NO_EVIDENCE 0 ms
63/90 u03 UNKNOWN_NO_PATH 16545 ms
64/90 u04 ANSWER 191 ms
65/90 u05 UNKNOWN_NO_EVIDENCE 0 ms
66/90 u06 UNKNOWN_NO_EVIDENCE 0 ms
67/90 u07 UNKNOWN_NO_EVIDENCE 0 ms
68/90 u08 UNKNOWN_NO_EVIDENCE 0 ms
69/90 u09 ANSWER 3443 ms
70/90 u10 UNKNOWN_NO_EVIDENCE 0 ms
71/90 u11 UNKNOWN_NO_EVIDENCE 0 ms
72/90 u12 UNKNOWN_NO_EVIDENCE 0 ms
73/90 u13 UNKNOWN_NO_EVIDENCE 0 ms
74/90 u14 UNKNOWN_NO_EVIDENCE 0 ms
75/90 u15 UNKNOWN_NO_PATH 14659 ms
76/90 u16 UNKNOWN_NO_EVIDENCE 0 ms
77/90 u17 UNKNOWN_NO_EVIDENCE 0 ms
78/90 u18 UNKNOWN_NO_EVIDENCE 0 ms
79/90 u19 UNKNOWN_NO_PATH 17832 ms
80/90 u20 UNKNOWN_NO_EVIDENCE 0 ms
81/90 u21 UNKNOWN_NO_PATH 9069 ms
82/90 u22 UNKNOWN_NO_PATH 4115 ms
83/90 u23 UNKNOWN_NO_PATH 10017 ms
84/90 u24 ANSWER 1700 ms
85/90 u25 ANSWER 2744 ms
86/90 u26 CHOICE 13286 ms
87/90 u27 ANSWER 12713 ms
88/90 u28 ANSWER 4925 ms
89/90 u29 UNKNOWN_NO_PATH 3423 ms
90/90 u30 CHOICE 2640 ms
done 90 in 474 s
