tower RUN low: levels [560, 143, 26, 1], units 730, packs 726, build 48 s cpu, sha fe7ff3c699f1
1/90 a01 UNKNOWN_NO_PATH 9256 ms
2/90 a02 UNKNOWN_NO_PATH 4140 ms
3/90 a03 UNKNOWN_NO_PATH 2854 ms
4/90 a04 UNKNOWN_NO_PATH 7937 ms
5/90 a05 UNKNOWN_NO_PATH 6989 ms
6/90 a06 UNKNOWN_NO_PATH 10440 ms
7/90 a07 UNKNOWN_NO_PATH 10714 ms
8/90 a08 UNKNOWN_NO_PATH 10685 ms
9/90 a09 UNKNOWN_NO_PATH 9258 ms
10/90 a10 UNKNOWN_NO_PATH 9435 ms
11/90 a11 UNKNOWN_NO_PATH 17599 ms
12/90 a12 UNKNOWN_NO_PATH 9746 ms
13/90 a13 UNKNOWN_NO_PATH 2692 ms
14/90 a14 UNKNOWN_NO_PATH 10248 ms
15/90 a15 UNKNOWN_NO_PATH 12908 ms
16/90 a16 UNKNOWN_NO_PATH 3481 ms
17/90 a17 UNKNOWN_NO_PATH 11154 ms
18/90 a18 UNKNOWN_NO_PATH 9956 ms
19/90 a19 UNKNOWN_NO_PATH 10303 ms
20/90 a20 UNKNOWN_NO_PATH 10771 ms
21/90 a21 UNKNOWN_NO_PATH 10238 ms
22/90 a22 UNKNOWN_NO_PATH 10229 ms
23/90 a23 UNKNOWN_NO_PATH 13580 ms
24/90 a24 UNKNOWN_NO_PATH 10234 ms
25/90 a25 UNKNOWN_NO_PATH 7839 ms
26/90 a26 UNKNOWN_NO_PATH 6473 ms
27/90 a27 UNKNOWN_NO_PATH 10721 ms
28/90 a28 UNKNOWN_NO_PATH 10271 ms
29/90 a29 UNKNOWN_NO_PATH 10282 ms
30/90 a30 UNKNOWN_NO_PATH 31 ms
31/90 a31 UNKNOWN_NO_PATH 22 ms
32/90 a32 UNKNOWN_NO_PATH 78 ms
33/90 a33 UNKNOWN_NO_PATH 23 ms
34/90 a34 UNKNOWN_NO_PATH 22 ms
35/90 a35 UNKNOWN_NO_PATH 24 ms
36/90 a36 UNKNOWN_NO_PATH 23 ms
37/90 a37 UNKNOWN_NO_PATH 8701 ms
38/90 a38 UNKNOWN_NO_PATH 25 ms
39/90 a39 UNKNOWN_NO_PATH 31 ms
40/90 a40 UNKNOWN_NO_PATH 1729 ms
41/90 a41 UNKNOWN_NO_PATH 11577 ms
42/90 a42 UNKNOWN_NO_PATH 2042 ms
43/90 a43 ANSWER 1864 ms
44/90 a44 UNKNOWN_NO_PATH 2393 ms
45/90 a45 UNKNOWN_NO_PATH 75 ms
46/90 a46 ANSWER 69 ms
47/90 a47 UNKNOWN_NO_PATH 82 ms
48/90 a48 UNKNOWN_NO_PATH 47 ms
49/90 a49 UNKNOWN_NO_PATH 1185 ms
50/90 a50 UNKNOWN_NO_PATH 23 ms
51/90 a51 ANSWER 29 ms
52/90 a52 UNKNOWN_NO_PATH 27 ms
53/90 a53 UNKNOWN_NO_PATH 16 ms
54/90 a54 UNKNOWN_NO_PATH 19 ms
55/90 a55 UNKNOWN_NO_PATH 243 ms
56/90 a56 UNKNOWN_NO_PATH 238 ms
57/90 a57 UNKNOWN_NO_PATH 23 ms
58/90 a58 UNKNOWN_NO_PATH 26 ms
59/90 a59 ANSWER 891 ms
60/90 a60 UNKNOWN_NO_PATH 393 ms
61/90 u01 UNKNOWN_NO_EVIDENCE 0 ms
62/90 u02 UNKNOWN_NO_EVIDENCE 0 ms
63/90 u03 UNKNOWN_NO_PATH 3726 ms
64/90 u04 UNKNOWN_NO_PATH 24 ms
65/90 u05 UNKNOWN_NO_EVIDENCE 0 ms
66/90 u06 UNKNOWN_NO_EVIDENCE 0 ms
67/90 u07 UNKNOWN_NO_EVIDENCE 0 ms
68/90 u08 UNKNOWN_NO_EVIDENCE 0 ms
69/90 u09 UNKNOWN_NO_PATH 2648 ms
70/90 u10 UNKNOWN_NO_EVIDENCE 0 ms
71/90 u11 UNKNOWN_NO_EVIDENCE 0 ms
72/90 u12 UNKNOWN_NO_EVIDENCE 0 ms
73/90 u13 UNKNOWN_NO_EVIDENCE 0 ms
74/90 u14 UNKNOWN_NO_EVIDENCE 0 ms
75/90 u15 UNKNOWN_NO_PATH 11438 ms
76/90 u16 UNKNOWN_NO_EVIDENCE 1 ms
77/90 u17 UNKNOWN_NO_EVIDENCE 0 ms
78/90 u18 UNKNOWN_NO_EVIDENCE 0 ms
79/90 u19 UNKNOWN_NO_PATH 17645 ms
80/90 u20 UNKNOWN_NO_EVIDENCE 0 ms
81/90 u21 UNKNOWN_NO_PATH 9424 ms
82/90 u22 UNKNOWN_NO_PATH 4239 ms
83/90 u23 UNKNOWN_NO_PATH 10326 ms
84/90 u24 UNKNOWN_NO_PATH 1735 ms
85/90 u25 UNKNOWN_NO_PATH 25 ms
86/90 u26 UNKNOWN_NO_PATH 13173 ms
87/90 u27 UNKNOWN_NO_PATH 13176 ms
88/90 u28 UNKNOWN_NO_PATH 5121 ms
89/90 u29 UNKNOWN_NO_PATH 25 ms
90/90 u30 UNKNOWN_NO_PATH 2608 ms
done 90 in 398 s
