tower RUN low: levels [474, 79, 4, 1], units 558, packs 554, build 30 s cpu, sha acd3ccf7d1ff
1/90 a01 UNKNOWN_NO_PATH 1566 ms
2/90 a02 ANSWER 1572 ms
3/90 a03 ANSWER 1958 ms
4/90 a04 ANSWER 2318 ms
5/90 a05 CHOICE 3322 ms
6/90 a06 ANSWER 2564 ms
7/90 a07 ANSWER 1571 ms
8/90 a08 ANSWER 1354 ms
9/90 a09 CHOICE 2100 ms
10/90 a10 ANSWER 2229 ms
11/90 a11 UNKNOWN_NO_PATH 2966 ms
12/90 a12 CHOICE 2769 ms
13/90 a13 CHOICE 1608 ms
14/90 a14 ANSWER 1572 ms
15/90 a15 ANSWER 1577 ms
16/90 a16 ANSWER 1660 ms
17/90 a17 ANSWER 3630 ms
18/90 a18 ANSWER 1586 ms
19/90 a19 ANSWER 1685 ms
20/90 a20 ANSWER 1347 ms
21/90 a21 UNKNOWN_NO_PATH 2029 ms
22/90 a22 ANSWER 2196 ms
23/90 a23 ANSWER 1720 ms
24/90 a24 ANSWER 2060 ms
25/90 a25 ANSWER 2135 ms
26/90 a26 UNKNOWN_NO_PATH 2173 ms
27/90 a27 ANSWER 1741 ms
28/90 a28 CHOICE 2821 ms
29/90 a29 UNKNOWN_NO_PATH 1851 ms
30/90 a30 ANSWER 1546 ms
31/90 a31 UNKNOWN_NO_PATH 2470 ms
32/90 a32 CHOICE 2156 ms
33/90 a33 ANSWER 835 ms
34/90 a34 ANSWER 821 ms
35/90 a35 ANSWER 1453 ms
36/90 a36 ANSWER 1155 ms
37/90 a37 ANSWER 5042 ms
38/90 a38 ANSWER 993 ms
39/90 a39 ANSWER 1015 ms
40/90 a40 ANSWER 2177 ms
41/90 a41 ANSWER 3528 ms
42/90 a42 ANSWER 1599 ms
43/90 a43 ANSWER 1539 ms
44/90 a44 ANSWER 1504 ms
45/90 a45 ANSWER 813 ms
46/90 a46 ANSWER 1809 ms
47/90 a47 ANSWER 1638 ms
48/90 a48 ANSWER 476 ms
49/90 a49 ANSWER 3649 ms
50/90 a50 ANSWER 1903 ms
51/90 a51 ANSWER 853 ms
52/90 a52 ANSWER 488 ms
53/90 a53 ANSWER 331 ms
54/90 a54 ANSWER 464 ms
55/90 a55 CHOICE 24 ms
56/90 a56 ANSWER 243 ms
57/90 a57 ANSWER 1099 ms
58/90 a58 ANSWER 1114 ms
59/90 a59 ANSWER 830 ms
60/90 a60 ANSWER 157 ms
61/90 u01 UNKNOWN_NO_EVIDENCE 0 ms
62/90 u02 UNKNOWN_NO_EVIDENCE 0 ms
63/90 u03 UNKNOWN_NO_PATH 5433 ms
64/90 u04 ANSWER 513 ms
65/90 u05 UNKNOWN_NO_EVIDENCE 0 ms
66/90 u06 UNKNOWN_NO_EVIDENCE 0 ms
67/90 u07 UNKNOWN_NO_EVIDENCE 0 ms
68/90 u08 UNKNOWN_NO_EVIDENCE 0 ms
69/90 u09 ANSWER 1612 ms
70/90 u10 UNKNOWN_NO_EVIDENCE 1 ms
71/90 u11 UNKNOWN_NO_EVIDENCE 0 ms
72/90 u12 UNKNOWN_NO_EVIDENCE 0 ms
73/90 u13 UNKNOWN_NO_EVIDENCE 0 ms
74/90 u14 UNKNOWN_NO_EVIDENCE 0 ms
75/90 u15 UNKNOWN_NO_PATH 3748 ms
76/90 u16 UNKNOWN_NO_EVIDENCE 0 ms
77/90 u17 UNKNOWN_NO_EVIDENCE 0 ms
78/90 u18 UNKNOWN_NO_EVIDENCE 0 ms
79/90 u19 UNKNOWN_NO_PATH 2923 ms
80/90 u20 UNKNOWN_NO_EVIDENCE 0 ms
81/90 u21 UNKNOWN_NO_PATH 1586 ms
82/90 u22 UNKNOWN_NO_PATH 1639 ms
83/90 u23 UNKNOWN_NO_PATH 1980 ms
84/90 u24 ANSWER 2710 ms
85/90 u25 ANSWER 854 ms
86/90 u26 CHOICE 2850 ms
87/90 u27 ANSWER 1602 ms
88/90 u28 ANSWER 813 ms
89/90 u29 ANSWER 1200 ms
90/90 u30 ANSWER 1654 ms
done 90 in 135 s
