tower RUN low: levels [474, 79, 4, 1], units 558, packs 554, build 35 s cpu, sha acd3ccf7d1ff
1/90 a01 UNKNOWN_NO_PATH 1698 ms
2/90 a02 ANSWER 1720 ms
3/90 a03 ANSWER 2132 ms
4/90 a04 ANSWER 2590 ms
5/90 a05 UNKNOWN_NO_PATH 3138 ms
6/90 a06 ANSWER 2470 ms
7/90 a07 ANSWER 1696 ms
8/90 a08 ANSWER 1467 ms
9/90 a09 CHOICE 2338 ms
10/90 a10 ANSWER 2368 ms
11/90 a11 UNKNOWN_NO_PATH 2323 ms
12/90 a12 UNKNOWN_NO_PATH 2271 ms
13/90 a13 UNKNOWN_NO_PATH 1744 ms
14/90 a14 ANSWER 1701 ms
15/90 a15 ANSWER 1701 ms
16/90 a16 ANSWER 1810 ms
17/90 a17 UNKNOWN_NO_PATH 3025 ms
18/90 a18 ANSWER 1719 ms
19/90 a19 ANSWER 1817 ms
20/90 a20 ANSWER 1422 ms
21/90 a21 UNKNOWN_NO_PATH 2339 ms
22/90 a22 ANSWER 2532 ms
23/90 a23 ANSWER 1994 ms
24/90 a24 ANSWER 2398 ms
25/90 a25 ANSWER 2478 ms
26/90 a26 UNKNOWN_NO_PATH 2526 ms
27/90 a27 ANSWER 2027 ms
28/90 a28 CHOICE 3274 ms
29/90 a29 UNKNOWN_NO_PATH 2133 ms
30/90 a30 ANSWER 1778 ms
31/90 a31 UNKNOWN_NO_PATH 2825 ms
32/90 a32 UNKNOWN_NO_PATH 2487 ms
33/90 a33 ANSWER 948 ms
34/90 a34 ANSWER 955 ms
35/90 a35 ANSWER 1678 ms
36/90 a36 ANSWER 1331 ms
37/90 a37 UNKNOWN_NO_PATH 2907 ms
38/90 a38 ANSWER 1160 ms
39/90 a39 ANSWER 1183 ms
40/90 a40 ANSWER 2509 ms
41/90 a41 UNKNOWN_NO_PATH 2996 ms
42/90 a42 ANSWER 1745 ms
43/90 a43 ANSWER 1687 ms
44/90 a44 ANSWER 1636 ms
45/90 a45 ANSWER 867 ms
46/90 a46 ANSWER 1995 ms
47/90 a47 ANSWER 1835 ms
48/90 a48 ANSWER 527 ms
49/90 a49 UNKNOWN_NO_PATH 3015 ms
50/90 a50 ANSWER 2129 ms
51/90 a51 ANSWER 967 ms
52/90 a52 ANSWER 548 ms
53/90 a53 ANSWER 366 ms
54/90 a54 ANSWER 524 ms
55/90 a55 ANSWER 27 ms
56/90 a56 ANSWER 271 ms
57/90 a57 ANSWER 1219 ms
58/90 a58 ANSWER 1216 ms
59/90 a59 ANSWER 927 ms
60/90 a60 ANSWER 172 ms
61/90 u01 UNKNOWN_NO_EVIDENCE 0 ms
62/90 u02 UNKNOWN_NO_EVIDENCE 0 ms
63/90 u03 UNKNOWN_NO_PATH 4627 ms
64/90 u04 UNKNOWN_NO_PATH 561 ms
65/90 u05 UNKNOWN_NO_EVIDENCE 0 ms
66/90 u06 UNKNOWN_NO_EVIDENCE 0 ms
67/90 u07 UNKNOWN_NO_EVIDENCE 0 ms
68/90 u08 UNKNOWN_NO_EVIDENCE 0 ms
69/90 u09 ANSWER 1742 ms
70/90 u10 UNKNOWN_NO_EVIDENCE 0 ms
71/90 u11 UNKNOWN_NO_EVIDENCE 0 ms
72/90 u12 UNKNOWN_NO_EVIDENCE 0 ms
73/90 u13 UNKNOWN_NO_EVIDENCE 0 ms
74/90 u14 UNKNOWN_NO_EVIDENCE 0 ms
75/90 u15 UNKNOWN_NO_PATH 3062 ms
76/90 u16 UNKNOWN_NO_EVIDENCE 0 ms
77/90 u17 UNKNOWN_NO_EVIDENCE 0 ms
78/90 u18 UNKNOWN_NO_EVIDENCE 0 ms
79/90 u19 UNKNOWN_NO_PATH 2217 ms
80/90 u20 UNKNOWN_NO_EVIDENCE 0 ms
81/90 u21 UNKNOWN_NO_PATH 1721 ms
82/90 u22 UNKNOWN_NO_PATH 1770 ms
83/90 u23 UNKNOWN_NO_PATH 2160 ms
84/90 u24 ANSWER 2946 ms
85/90 u25 ANSWER 909 ms
86/90 u26 UNKNOWN_NO_PATH 2211 ms
87/90 u27 ANSWER 1754 ms
88/90 u28 ANSWER 884 ms
89/90 u29 ANSWER 1321 ms
90/90 u30 UNKNOWN_NO_PATH 936 ms
done 90 in 136 s
