a59 ANSWER CHOICE 35.016
a43 CHOICE CHOICE 36.732
a55 ANSWER CHOICE 38.621
u30 CHOICE CHOICE 47.749
a24 ANSWER CHOICE 54.621
a30 AMBIGUOUS None 55.341
a37 CHOICE CHOICE 26.79
a27 CHOICE CHOICE 31.118
a32 AMBIGUOUS None 21.375
u26 CHOICE CHOICE 14.668
a23 UNKNOWN_NO_FIXED_POINT None 2.635
a29 UNKNOWN_NO_FIXED_POINT None 0.02
a31 UNKNOWN_NO_FIXED_POINT None 0.023
a50 UNKNOWN_NO_FIXED_POINT None 0.018
u21 UNKNOWN_NO_FIXED_POINT None 0.024
a21 UNKNOWN_NO_FIXED_POINT None 0.023
a26 UNKNOWN_NO_FIXED_POINT None 0.018
a56 UNKNOWN_NO_FIXED_POINT None 0.032
u22 ANSWER ANSWER 0.008
a17 ANSWER ANSWER 0.016
a25 UNKNOWN_NO_EVIDENCE None 0.013
a34 UNKNOWN_NO_EVIDENCE None 0.011
a35 UNKNOWN_NO_FIXED_POINT None 0.021
a40 UNKNOWN_NO_FIXED_POINT None 0.02
a41 ANSWER ANSWER 0.018
a44 UNKNOWN_NO_EVIDENCE None 0.009
a45 ANSWER ANSWER 0.014
a46 ANSWER ANSWER 0.016
a33 CHOICE CHOICE 18.322
a54 ANSWER ANSWER 0.009
a57 UNKNOWN_NO_EVIDENCE None 0.005
a49 ANSWER ANSWER 0.019
a58 ANSWER ANSWER 0.009
u14 UNKNOWN_NO_EVIDENCE None 0.004
u04 ANSWER CHOICE 0.015
u15 ANSWER ANSWER 0.016
u23 UNKNOWN_NO_FIXED_POINT None 0.021
u28 UNKNOWN_NO_EVIDENCE None 0.01
u24 UNKNOWN_NO_FIXED_POINT None 0.026
a02 ANSWER ANSWER 0.008
a03 UNKNOWN_NO_EVIDENCE None 0.007
a01 UNKNOWN_NO_FIXED_POINT None 0.025
a04 UNKNOWN_NO_EVIDENCE None 0.008
a06 UNKNOWN_NO_EVIDENCE None 0.005
a08 UNKNOWN_NO_EVIDENCE None 0.007
a07 ANSWER ANSWER 0.009
a10 UNKNOWN_NO_EVIDENCE None 0.004
a09 UNKNOWN_NO_EVIDENCE None 0.01
a12 ANSWER ANSWER 0.009
a14 UNKNOWN_NO_EVIDENCE None 0.005
a13 ANSWER ANSWER 0.011
a15 ANSWER ANSWER 0.008
a19 UNKNOWN_NO_EVIDENCE None 0.005
a18 ANSWER ANSWER 0.016
a20 ANSWER ANSWER 0.008
a28 ANSWER ANSWER 0.008
a22 ANSWER ANSWER 0.011
a36 UNKNOWN_NO_EVIDENCE None 0.007
a38 UNKNOWN_NO_EVIDENCE None 0.009
a42 UNKNOWN_NO_EVIDENCE None 0.005
a39 ANSWER ANSWER 0.008
a52 ANSWER CHOICE 0.009
a51 ANSWER ANSWER 0.009
a53 ANSWER ANSWER 0.008
a60 ANSWER ANSWER 0.008
u01 UNKNOWN_NO_EVIDENCE None 0.005
u02 UNKNOWN_NO_EVIDENCE None 0.005
u06 UNKNOWN_NO_EVIDENCE None 0.005
u05 UNKNOWN_NO_EVIDENCE None 0.007
u07 UNKNOWN_NO_EVIDENCE None 0.005
u08 UNKNOWN_NO_EVIDENCE None 0.005
u10 UNKNOWN_NO_EVIDENCE None 0.009
u09 ANSWER ANSWER 0.011
u12 UNKNOWN_NO_EVIDENCE None 0.005
u11 UNKNOWN_NO_EVIDENCE None 0.006
u13 UNKNOWN_NO_EVIDENCE None 0.005
u16 UNKNOWN_NO_EVIDENCE None 0.005
u17 UNKNOWN_NO_EVIDENCE None 0.005
u18 UNKNOWN_NO_EVIDENCE None 0.005
u20 UNKNOWN_NO_EVIDENCE None 0.008
u25 UNKNOWN_NO_EVIDENCE None 0.012
u29 UNKNOWN_NO_EVIDENCE None 0.007
u27 ANSWER ANSWER 0.012
a05 CHOICE CHOICE 5.317
a16 ANSWER CHOICE 40.017
a48 ANSWER CHOICE 12.877
a47 ANSWER CHOICE 11.061
a11 CHOICE CHOICE 103.764
u19 CHOICE CHOICE 104.229
u03 CHOICE CHOICE 173.489
TOTAL wall 173.8 s 90 questions 9 workers
