a05 {'V123': (6.9, 'CHOICE', 'CHOICE')}
a06 {'V123': (0.01, 'UNKNOWN_NO_EVIDENCE', None)}
a07 {'V123': (0.01, 'ANSWER', 'CHOICE')}
a08 {'V123': (0.01, 'UNKNOWN_NO_EVIDENCE', None)}
a09 {'V123': (0.01, 'UNKNOWN_NO_EVIDENCE', None)}
a10 {'V123': (0.01, 'UNKNOWN_NO_EVIDENCE', None)}
a11 {'V123': (145.86, 'CHOICE', 'CHOICE')}
a12 {'V123': (0.01, 'ANSWER', 'CHOICE')}
a13 {'V123': (0.01, 'ANSWER', 'CHOICE')}
a14 {'V123': (0.01, 'UNKNOWN_NO_EVIDENCE', None)}
a15 {'V123': (0.01, 'ANSWER', 'CHOICE')}
a16 {'V123': (52.55, 'ANSWER', 'CHOICE')}
a17 {'V123': (0.02, 'ANSWER', 'CHOICE')}
a18 {'V123': (0.01, 'ANSWER', 'CHOICE')}
a19 {'V123': (0.01, 'UNKNOWN_NO_EVIDENCE', None)}
a20 {'V123': (0.01, 'ANSWER', 'CHOICE')}
a21 {'V123': (0.03, 'UNKNOWN_NO_FIXED_POINT', None)}
a22 {'V123': (0.01, 'ANSWER', 'CHOICE')}
a23 {'V123': (3.35, 'UNKNOWN_NO_FIXED_POINT', None)}
a24 {'V123': (73.68, 'ANSWER', 'CHOICE')}
a25 {'V123': (0.02, 'UNKNOWN_NO_EVIDENCE', None)}
a26 {'V123': (0.03, 'UNKNOWN_NO_FIXED_POINT', None)}
a27 {'V123': (40.75, 'CHOICE', 'CHOICE')}
a28 {'V123': (0.01, 'ANSWER', 'CHOICE')}
a29 {'V123': (0.04, 'UNKNOWN_NO_FIXED_POINT', None)}
a30 {'V123': (74.31, 'AMBIGUOUS', None)}
a31 {'V123': (0.04, 'UNKNOWN_NO_FIXED_POINT', None)}
a32 {'V123': (28.72, 'AMBIGUOUS', None)}
a33 {'V123': (24.06, 'CHOICE', 'CHOICE')}
a34 {'V123': (0.02, 'UNKNOWN_NO_EVIDENCE', None)}
a35 {'V123': (0.02, 'UNKNOWN_NO_FIXED_POINT', None)}
a36 {'V123': (0.01, 'UNKNOWN_NO_EVIDENCE', None)}
a37 {'V123': (35.26, 'CHOICE', 'CHOICE')}
a38 {'V123': (0.01, 'UNKNOWN_NO_EVIDENCE', None)}
a39 {'V123': (0.01, 'ANSWER', 'CHOICE')}
a40 {'V123': (0.02, 'UNKNOWN_NO_FIXED_POINT', None)}
a41 {'V123': (0.02, 'ANSWER', 'CHOICE')}
a42 {'V123': (0.01, 'UNKNOWN_NO_EVIDENCE', None)}
a43 {'V123': (52.78, 'CHOICE', 'CHOICE')}
a44 {'V123': (0.02, 'UNKNOWN_NO_EVIDENCE', None)}
a45 {'V123': (0.02, 'ANSWER', 'CHOICE')}
a46 {'V123': (0.02, 'ANSWER', 'CHOICE')}
a47 {'V123': (16.76, 'ANSWER', 'CHOICE')}
a48 {'V123': (19.29, 'ANSWER', 'CHOICE')}
a49 {'V123': (0.02, 'ANSWER', 'CHOICE')}
a50 {'V123': (0.04, 'UNKNOWN_NO_FIXED_POINT', None)}
a51 {'V123': (0.01, 'ANSWER', 'CHOICE')}
a52 {'V123': (0.01, 'ANSWER', 'CHOICE')}
a53 {'V123': (0.01, 'ANSWER', 'CHOICE')}
a54 {'V123': (0.02, 'ANSWER', 'CHOICE')}
a55 {'V123': (57.32, 'ANSWER', 'CHOICE')}
a56 {'V123': (0.03, 'UNKNOWN_NO_FIXED_POINT', None)}
a57 {'V123': (0.02, 'UNKNOWN_NO_EVIDENCE', None)}
a58 {'V123': (0.02, 'ANSWER', 'CHOICE')}
a59 {'V123': (53.12, 'ANSWER', 'CHOICE')}
a60 {'V123': (0.01, 'ANSWER', 'CHOICE')}
u01 {'V123': (0.01, 'UNKNOWN_NO_EVIDENCE', None)}
u02 {'V123': (0.01, 'UNKNOWN_NO_EVIDENCE', None)}
u03 {'V123': (271.47, 'CHOICE', 'CHOICE')}
u04 {'V123': (0.02, 'ANSWER', 'CHOICE')}
u05 {'V123': (0.01, 'UNKNOWN_NO_EVIDENCE', None)}
u06 {'V123': (0.01, 'UNKNOWN_NO_EVIDENCE', None)}
u07 {'V123': (0.01, 'UNKNOWN_NO_EVIDENCE', None)}
u08 {'V123': (0.01, 'UNKNOWN_NO_EVIDENCE', None)}
u09 {'V123': (0.01, 'ANSWER', 'CHOICE')}
u10 {'V123': (0.01, 'UNKNOWN_NO_EVIDENCE', None)}
u11 {'V123': (0.01, 'UNKNOWN_NO_EVIDENCE', None)}
u12 {'V123': (0.01, 'UNKNOWN_NO_EVIDENCE', None)}
u13 {'V123': (0.01, 'UNKNOWN_NO_EVIDENCE', None)}
u14 {'V123': (0.02, 'UNKNOWN_NO_EVIDENCE', None)}
u15 {'V123': (0.02, 'ANSWER', 'CHOICE')}
u16 {'V123': (0.01, 'UNKNOWN_NO_EVIDENCE', None)}
u17 {'V123': (0.01, 'UNKNOWN_NO_EVIDENCE', None)}
u18 {'V123': (0.01, 'UNKNOWN_NO_EVIDENCE', None)}
u19 {'V123': (157.69, 'CHOICE', 'CHOICE')}
u20 {'V123': (0.01, 'UNKNOWN_NO_EVIDENCE', None)}
u21 {'V123': (0.04, 'UNKNOWN_NO_FIXED_POINT', None)}
u22 {'V123': (0.03, 'ANSWER', 'CHOICE')}
u23 {'V123': (0.02, 'UNKNOWN_NO_FIXED_POINT', None)}
u24 {'V123': (0.02, 'UNKNOWN_NO_FIXED_POINT', None)}
u25 {'V123': (0.01, 'UNKNOWN_NO_EVIDENCE', None)}
u26 {'V123': (20.64, 'CHOICE', 'CHOICE')}
u27 {'V123': (0.01, 'ANSWER', 'CHOICE')}
u28 {'V123': (0.02, 'UNKNOWN_NO_EVIDENCE', None)}
u29 {'V123': (0.01, 'UNKNOWN_NO_EVIDENCE', None)}
u30 {'V123': (70.06, 'CHOICE', 'CHOICE')}
QUEUE_DONE worker 22016 questions 86 wall 1289.2
