a01 {'V123': (0.01, 'UNKNOWN_SECTION_DISAGREEMENT', None)}
a04 {'V123': (0.01, 'UNKNOWN_NO_EVIDENCE', None)}
a07 {'V123': (37.06, 'CHOICE', 'CHOICE')}
a10 {'V123': (0.01, 'UNKNOWN_NO_EVIDENCE', None)}
a13 {'V123': (117.67, 'ANSWER', 'CHOICE')}
a16 {'V123': (7.75, 'ANSWER', 'CHOICE')}
a19 {'V123': (130.85, 'ANSWER', 'CHOICE')}
a22 {'V123': (0.01, 'UNKNOWN_NO_EVIDENCE', None)}
a25 {'V123': (71.78, 'ANSWER', 'CHOICE')}
a28 {'V123': (3.33, 'CHOICE', 'CHOICE')}
a31 {'V123': (49.6, 'CHOICE', 'CHOICE')}
a34 {'V123': (102.57, 'AMBIGUOUS', None)}
a37 {'V123': (150.4, 'CHOICE', 'CHOICE')}
a40 {'V123': (55.72, 'CHOICE', 'CHOICE')}
a43 {'V123': (26.66, 'ANSWER', 'CHOICE')}
a46 {'V123': (61.6, 'ANSWER', 'CHOICE')}
a49 {'V123': (7.63, 'ANSWER', 'CHOICE')}
a52 {'V123': (33.6, 'CHOICE', 'CHOICE')}
a55 {'V123': (22.13, 'CHOICE', 'CHOICE')}
a58 {'V123': (0.02, 'AMBIGUOUS', None)}
u01 {'V123': (0.01, 'UNKNOWN_NO_EVIDENCE', None)}
u04 {'V123': (47.75, 'ANSWER', 'CHOICE')}
u07 {'V123': (1.2, 'ANSWER', 'CHOICE')}
u10 {'V123': (0.01, 'UNKNOWN_NO_EVIDENCE', None)}
u13 {'V123': (88.55, 'ANSWER', 'CHOICE')}
u16 {'V123': (35.38, 'CHOICE', 'CHOICE')}
u19 {'V123': (218.14, 'ANSWER', 'CHOICE')}
u22 {'V123': (0.01, 'UNKNOWN_NO_EVIDENCE', None)}
u25 {'V123': (93.34, 'AMBIGUOUS', None)}
u28 {'V123': (7.82, 'ANSWER', 'CHOICE')}
QUEUE_DONE worker 22205 questions 30 wall 1385.7
