budget  slide         allow slide 3df141b12327 place 07db87511ff1 windows 592  1s (cache wall 80s cpu 477s) load 3.9
   50/592 windows placed (8 s)
   100/592 windows placed (12 s)
   150/592 windows placed (19 s)
   200/592 windows placed (26 s)
   250/592 windows placed (34 s)
   300/592 windows placed (40 s)
   350/592 windows placed (49 s)
   400/592 windows placed (56 s)
   450/592 windows placed (60 s)
   500/592 windows placed (71 s)
   550/592 windows placed (79 s)
budget  slide         deny  slide 3df141b12327 place 45402f30e7e3 windows 592  87s (cache wall 85s cpu 503s) load 8.8
budget  order         allow slide 6b36bcb7306d place 9280bce0035a windows 592  1s (cache wall 75s cpu 436s) load 8.5
   50/592 windows placed (5 s)
   100/592 windows placed (10 s)
   150/592 windows placed (17 s)
   200/592 windows placed (22 s)
   250/592 windows placed (28 s)
   300/592 windows placed (35 s)
   350/592 windows placed (40 s)
   400/592 windows placed (43 s)
   450/592 windows placed (48 s)
   500/592 windows placed (57 s)
   550/592 windows placed (64 s)
budget  order         deny  slide 6b36bcb7306d place cf35f420cea6 windows 592  71s (cache wall 70s cpu 410s) load 8.5
   50/592 windows placed (6 s)
   100/592 windows placed (10 s)
   150/592 windows placed (17 s)
   200/592 windows placed (23 s)
   250/592 windows placed (29 s)
   300/592 windows placed (36 s)
   350/592 windows placed (43 s)
   400/592 windows placed (48 s)
   450/592 windows placed (51 s)
   500/592 windows placed (60 s)
   550/592 windows placed (68 s)
budget  order_window  allow slide 3a9ef919a0bb place bf765f4da473 windows 592  75s (cache wall 74s cpu 435s) load 11.4
   50/592 windows placed (6 s)
   100/592 windows placed (10 s)
   150/592 windows placed (18 s)
   200/592 windows placed (23 s)
   250/592 windows placed (30 s)
   300/592 windows placed (36 s)
   350/592 windows placed (43 s)
   400/592 windows placed (48 s)
   450/592 windows placed (52 s)
   500/592 windows placed (61 s)
   550/592 windows placed (69 s)
budget  order_window  deny  slide 3a9ef919a0bb place 33590d7cdefc windows 592  77s (cache wall 76s cpu 444s) load 10.4
   50/592 windows placed (9 s)
   100/592 windows placed (13 s)
   150/592 windows placed (20 s)
   200/592 windows placed (30 s)
   250/592 windows placed (37 s)
   300/592 windows placed (44 s)
   350/592 windows placed (53 s)
   400/592 windows placed (59 s)
   450/592 windows placed (63 s)
   500/592 windows placed (74 s)
   550/592 windows placed (81 s)
x       slide         allow slide 3df141b12327 place f9af37611eb0 windows 592  87s (cache wall 86s cpu 509s) load 9.2
   50/592 windows placed (7 s)
   100/592 windows placed (11 s)
   150/592 windows placed (17 s)
   200/592 windows placed (25 s)
   250/592 windows placed (32 s)
   300/592 windows placed (39 s)
   350/592 windows placed (46 s)
   400/592 windows placed (53 s)
   450/592 windows placed (57 s)
   500/592 windows placed (68 s)
   550/592 windows placed (75 s)
x       slide         deny  slide 3df141b12327 place 8728c32d3fb6 windows 592  81s (cache wall 80s cpu 473s) load 8.2
   50/592 windows placed (4 s)
   100/592 windows placed (7 s)
   150/592 windows placed (13 s)
   200/592 windows placed (17 s)
   250/592 windows placed (21 s)
   300/592 windows placed (25 s)
   350/592 windows placed (28 s)
   400/592 windows placed (31 s)
   450/592 windows placed (33 s)
   500/592 windows placed (42 s)
   550/592 windows placed (48 s)
x       order         allow slide 6b36bcb7306d place 2da39eb4fba5 windows 592  55s (cache wall 54s cpu 306s) load 7.8
   50/592 windows placed (4 s)
   100/592 windows placed (6 s)
   150/592 windows placed (12 s)
   200/592 windows placed (16 s)
   250/592 windows placed (20 s)
   300/592 windows placed (24 s)
   350/592 windows placed (27 s)
   400/592 windows placed (30 s)
   450/592 windows placed (32 s)
   500/592 windows placed (40 s)
   550/592 windows placed (46 s)
x       order         deny  slide 6b36bcb7306d place 95a3b9853130 windows 592  53s (cache wall 53s cpu 296s) load 8.2
   50/592 windows placed (4 s)
   100/592 windows placed (6 s)
   150/592 windows placed (11 s)
   200/592 windows placed (15 s)
   250/592 windows placed (19 s)
   300/592 windows placed (23 s)
   350/592 windows placed (27 s)
   400/592 windows placed (31 s)
   450/592 windows placed (33 s)
   500/592 windows placed (40 s)
   550/592 windows placed (46 s)
x       order_window  allow slide 3a9ef919a0bb place a44cc22d6ed5 windows 592  52s (cache wall 52s cpu 293s) load 8.2
   50/592 windows placed (4 s)
   100/592 windows placed (6 s)
   150/592 windows placed (11 s)
   200/592 windows placed (15 s)
   250/592 windows placed (19 s)
   300/592 windows placed (23 s)
   350/592 windows placed (27 s)
   400/592 windows placed (30 s)
   450/592 windows placed (33 s)
   500/592 windows placed (40 s)
   550/592 windows placed (46 s)
x       order_window  deny  slide 3a9ef919a0bb place a935be6c6c01 windows 592  53s (cache wall 52s cpu 294s) load 8.0
