a10 UNKNOWN_NO_EVIDENCE None 7.699
a57 UNKNOWN_NO_EVIDENCE None 9.109
a14 UNKNOWN_NO_EVIDENCE None 12.888
a42 UNKNOWN_NO_EVIDENCE None 23.09
a19 ANSWER CHOICE 26.289
a23 UNKNOWN_NO_FIXED_POINT None 28.197
a16 ANSWER CHOICE 40.334
u30 CHOICE CHOICE 49.143
a24 ANSWER CHOICE 55.629
a55 ANSWER CHOICE 40.826
a43 CHOICE CHOICE 38.588
a59 ANSWER CHOICE 37.761
a32 CHOICE CHOICE 119.207
u19 CHOICE CHOICE 110.548
a11 CHOICE CHOICE 110.653
a48 ANSWER CHOICE 13.949
u26 CHOICE CHOICE 14.855
a31 UNKNOWN_NO_FIXED_POINT None 0.025
u21 UNKNOWN_NO_FIXED_POINT None 0.025
a01 UNKNOWN_NO_FIXED_POINT None 0.031
a21 UNKNOWN_NO_FIXED_POINT None 0.026
a56 UNKNOWN_NO_FIXED_POINT None 0.024
a29 UNKNOWN_NO_FIXED_POINT None 0.02
u23 UNKNOWN_NO_FIXED_POINT None 0.02
a26 UNKNOWN_NO_FIXED_POINT None 0.019
a35 UNKNOWN_NO_FIXED_POINT None 0.02
a40 UNKNOWN_NO_FIXED_POINT None 0.02
a50 UNKNOWN_NO_FIXED_POINT None 0.028
u24 UNKNOWN_NO_FIXED_POINT None 0.02
a17 ANSWER ANSWER 0.015
a41 ANSWER ANSWER 0.015
a49 ANSWER ANSWER 0.015
u15 ANSWER ANSWER 0.015
u04 ANSWER CHOICE 0.014
a46 ANSWER ANSWER 0.014
a13 ANSWER ANSWER 0.023
a22 ANSWER ANSWER 0.018
a25 UNKNOWN_NO_EVIDENCE None 0.013
u25 UNKNOWN_NO_EVIDENCE None 0.02
u09 ANSWER ANSWER 0.012
a07 ANSWER ANSWER 0.017
a34 UNKNOWN_NO_EVIDENCE None 0.011
a45 ANSWER ANSWER 0.011
a54 ANSWER ANSWER 0.01
u28 UNKNOWN_NO_EVIDENCE None 0.01
a09 UNKNOWN_NO_EVIDENCE None 0.01
a12 ANSWER ANSWER 0.009
a18 ANSWER ANSWER 0.009
a20 ANSWER ANSWER 0.009
a39 ANSWER ANSWER 0.009
a52 ANSWER ANSWER 0.009
a58 ANSWER ANSWER 0.01
a60 ANSWER ANSWER 0.009
a04 UNKNOWN_NO_EVIDENCE None 0.008
a15 ANSWER ANSWER 0.009
a28 ANSWER ANSWER 0.009
a51 ANSWER ANSWER 0.009
a53 ANSWER ANSWER 0.009
u22 ANSWER ANSWER 0.008
u27 ANSWER ANSWER 0.015
a02 ANSWER ANSWER 0.008
a03 UNKNOWN_NO_EVIDENCE None 0.007
a08 UNKNOWN_NO_EVIDENCE None 0.007
a36 UNKNOWN_NO_EVIDENCE None 0.008
a38 UNKNOWN_NO_EVIDENCE None 0.008
a44 UNKNOWN_NO_EVIDENCE None 0.007
u29 UNKNOWN_NO_EVIDENCE None 0.008
u01 UNKNOWN_NO_EVIDENCE None 0.005
u02 UNKNOWN_NO_EVIDENCE None 0.006
u05 UNKNOWN_NO_EVIDENCE None 0.006
u07 UNKNOWN_NO_EVIDENCE None 0.005
u10 UNKNOWN_NO_EVIDENCE None 0.005
u11 UNKNOWN_NO_EVIDENCE None 0.007
u13 UNKNOWN_NO_EVIDENCE None 0.005
u17 UNKNOWN_NO_EVIDENCE None 0.005
u20 UNKNOWN_NO_EVIDENCE None 0.005
u06 UNKNOWN_NO_EVIDENCE None 0.005
u08 UNKNOWN_NO_EVIDENCE None 0.005
u12 UNKNOWN_NO_EVIDENCE None 0.005
u14 UNKNOWN_NO_EVIDENCE None 0.005
u16 UNKNOWN_NO_EVIDENCE None 0.004
u18 UNKNOWN_NO_EVIDENCE None 0.005
a33 CHOICE CHOICE 18.518
a47 ANSWER CHOICE 12.322
a30 AMBIGUOUS None 138.319
a05 CHOICE CHOICE 5.065
a27 CHOICE CHOICE 31.491
a37 CHOICE CHOICE 26.893
a06 ANSWER CHOICE 141.546
u03 CHOICE CHOICE 184.355
TOTAL wall 192.4 s
