{
  "kind": "unknown",
  "verdict": "UNKNOWN_SOURCE_ASSET",
  "text": "この要求を裏づける導出を確認できません。",
  "reason": "original document text is unavailable",
  "phase": "source",
  "values": [],
  "evidence": [],
  "sources": [],
  "trace": [
    {
      "part": "one.round5_route",
      "status": "ran",
      "code_intent": false,
      "content_intent": false,
      "decision_input": "raw_request",
      "fallback": false
    },
    {
      "part": "remedy.remedy",
      "status": "ran",
      "verdict": "UNKNOWN_SOURCE_ASSET",
      "how_to_resolve": "質問された事項を示す出典を追加してください。"
    },
    {
      "part": "ask_back.question",
      "status": "abstained",
      "reason": "verdict has no human-answerable candidate",
      "asks": ""
    },
    {
      "part": "coverage.document_needed",
      "status": "abstained",
      "reason": "no domain witnesses"
    },
    {
      "part": "gap_graph.refusal_to_gap",
      "status": "abstained",
      "reason": "no opt-in gap_path"
    },
    {
      "part": "grow.log_refusal",
      "status": "abstained",
      "reason": "no queue opt-in or different verdict"
    },
    {
      "part": "multigrain_adapter.retrieve_multigrain_candidates",
      "status": "abstained",
      "verdict": "UNKNOWN_NO_HIERARCHY",
      "selected_candidate": null,
      "source_identity_status": "identity_unverified",
      "independent_source_count": null,
      "source_binding_status": "HOLD",
      "source_binding_reason": "navigation or source registry is unavailable",
      "candidate_views_supplied_to_answer_verifier": false,
      "candidate_document_id_cited_after_full_view_check": false,
      "candidate_sentence_span_cited_after_full_view_check": null,
      "candidate_clause_span_cited_after_full_view_check": false,
      "candidate_clause_span_match_count": 0,
      "candidate_clause_span_causal_influence_proven": false,
      "citation_granularity": "source_id_and_exact_candidate_clause_span_match",
      "bound_source_supplied_to_goal_consumer": false,
      "licenses_goal_realization": false
    }
  ],
  "semantic": {
    "version": "round5a",
    "verified": false,
    "request": {
      "text": "誰が肥料を運んだ？",
      "plans": [
        {
          "nodes": [
            {
              "id": "n0",
              "op": "Bind",
              "inputs": [],
              "pattern": {
                "predicate": "運ぶ",
                "roles": [
                  [
                    "patient",
                    "肥料"
                  ],
                  [
                    "agent",
                    {
                      "name": "v1",
                      "sort": "entity"
                    }
                  ]
                ],
                "polarity": "+",
                "modality": "assert",
                "time": "past",
                "event": null
              },
              "tests": [],
              "terms": [],
              "target": null,
              "relation": "",
              "unit": "",
              "absolute": false,
              "choices": [],
              "outputs": [],
              "obligations": [
                "o0",
                "o1",
                "o2",
                "o3",
                "o4",
                "o5"
              ],
              "span": {
                "source": "question",
                "start": 0,
                "end": 9,
                "text": "誰が肥料を運んだ？"
              }
            },
            {
              "id": "n1",
              "op": "ApplyCondition",
              "inputs": [
                "n0"
              ],
              "pattern": null,
              "tests": [],
              "terms": [],
              "target": null,
              "relation": "",
              "unit": "",
              "absolute": false,
              "choices": [],
              "outputs": [],
              "obligations": [],
              "span": null
            },
            {
              "id": "n2",
              "op": "Except",
              "inputs": [
                "n1"
              ],
              "pattern": null,
              "tests": [],
              "terms": [],
              "target": null,
              "relation": "",
              "unit": "",
              "absolute": false,
              "choices": [],
              "outputs": [],
              "obligations": [],
              "span": null
            },
            {
              "id": "n3",
              "op": "Project",
              "inputs": [
                "n2"
              ],
              "pattern": null,
              "tests": [],
              "terms": [],
              "target": null,
              "relation": "",
              "unit": "",
              "absolute": false,
              "choices": [],
              "outputs": [
                {
                  "label": "agent",
                  "term": {
                    "name": "v1",
                    "sort": "entity"
                  },
                  "obligation": "o6",
                  "unit": "",
                  "span": {
                    "source": "question",
                    "start": 0,
                    "end": 9,
                    "text": "誰が肥料を運んだ？"
                  }
                }
              ],
              "obligations": [
                "o6"
              ],
              "span": null
            }
          ],
          "root": "n3"
        }
      ],
      "obligations": [
        {
          "id": "o0",
          "span": {
            "source": "question",
            "start": 0,
            "end": 9,
            "text": "誰が肥料を運んだ？"
          },
          "kind": "relation",
          "node": "n0",
          "detail": "運ぶ"
        },
        {
          "id": "o1",
          "span": {
            "source": "question",
            "start": 0,
            "end": 9,
            "text": "誰が肥料を運んだ？"
          },
          "kind": "role",
          "node": "n0",
          "detail": "patient"
        },
        {
          "id": "o2",
          "span": {
            "source": "question",
            "start": 0,
            "end": 9,
            "text": "誰が肥料を運んだ？"
          },
          "kind": "role",
          "node": "n0",
          "detail": "agent"
        },
        {
          "id": "o3",
          "span": {
            "source": "question",
            "start": 0,
            "end": 9,
            "text": "誰が肥料を運んだ？"
          },
          "kind": "polarity",
          "node": "n0",
          "detail": "+"
        },
        {
          "id": "o4",
          "span": {
            "source": "question",
            "start": 0,
            "end": 9,
            "text": "誰が肥料を運んだ？"
          },
          "kind": "modality",
          "node": "n0",
          "detail": "assert"
        },
        {
          "id": "o5",
          "span": {
            "source": "question",
            "start": 0,
            "end": 9,
            "text": "誰が肥料を運んだ？"
          },
          "kind": "time",
          "node": "n0",
          "detail": "past"
        },
        {
          "id": "o6",
          "span": {
            "source": "question",
            "start": 0,
            "end": 9,
            "text": "誰が肥料を運んだ？"
          },
          "kind": "output",
          "node": "n3",
          "detail": "agent"
        }
      ],
      "covered": [
        {
          "source": "question",
          "start": 0,
          "end": 9,
          "text": "誰が肥料を運んだ？"
        }
      ],
      "unread": [],
      "stages": [],
      "rules": [
        "frame/edge/stage candidates",
        "nominal-path",
        "role-wh",
        "relational-plan"
      ]
    },
    "unread": []
  },
  "door": "semantic_document",
  "remedy": {
    "verdict": "UNKNOWN_SOURCE_ASSET",
    "needs_registration": true,
    "note": "no remedy recorded for this verdict",
    "register": "質問された事項を示す出典を追加してください。"
  },
  "how_to_resolve": "質問された事項を示す出典を追加してください。",
  "multigrain_navigation": {
    "kind": "multigrain_candidates",
    "verdict": "UNKNOWN_NO_HIERARCHY",
    "raw_question": "誰が肥料を運んだ？",
    "selected_candidate": null,
    "candidates": [],
    "source_identity_status": "identity_unverified",
    "independent_source_count": null,
    "reason": "no source-ID navigation leaves could be bound; no hierarchy was built",
    "used_for_answer": false,
    "used_for_goal_realization": false,
    "authority": "navigation_only_unverified",
    "source_binding": {
      "version": "multigrain-source-binding-v1",
      "status": "HOLD",
      "reason": "navigation or source registry is unavailable",
      "candidate": "",
      "registry_sha256": "",
      "scope": "document identity and original-text location only",
      "goal_relation_scope": "same-owner local explicit argument spans only",
      "source_truth_status": "UNCLASSIFIED; no truth or authority claim",
      "independent_source_count": null,
      "selections": []
    },
    "candidate_views_supplied_to_answer_verifier": false,
    "candidate_document_id_cited_after_full_view_check": false,
    "candidate_sentence_span_cited_after_full_view_check": null,
    "candidate_clause_span_cited_after_full_view_check": false,
    "candidate_clause_span_match_count": 0,
    "candidate_clause_span_causal_influence_proven": false,
    "citation_granularity": "source_id_and_exact_candidate_clause_span_match",
    "candidate_goal_status": null
  },
  "runtime_mode": "round5",
  "basis_policy": {
    "schema": "verantyx.basis_policy/1",
    "table_version": 1,
    "applied": true,
    "request_kind": "factual",
    "kind_class": "FACTUAL",
    "basis": "NONE",
    "basis_original": "NONE",
    "human_present": false,
    "show_reference": false,
    "outcome": "ABSTAIN",
    "in_table": true,
    "counts": {
      "human": 0,
      "generated": 0,
      "non_evidence": 0,
      "request_text": 0,
      "unreadable": 0,
      "non_evidence_by_origin": {},
      "unknown_origin": 0,
      "unknown_origin_by_family": {},
      "unknown_origin_values": {}
    },
    "classify_version": 5,
    "confirm_id_version": 2,
    "sovereign": {
      "state": "UNKNOWN_NO_SOVEREIGN",
      "store_id": null,
      "records_read": 0,
      "rejected_by_user": 0,
      "confirmed_records_used": 0,
      "confirmed_records_not_used": 0,
      "ambiguous": false
    },
    "form": {
      "state": "NOT_ATTEMPTED_OUTCOME"
    }
  }
}
