/Users/motonishikoudai/Projects/Verantyx-Vera-alpha/verantyx/cross_store.py:340: RuntimeWarning: WikiText stream unavailable (FileNotFoundError:no_wikitext_arrow_cache); synthetic_en
  rows1, _tag, _fb, _meta = iter_english_rows(
/Users/motonishikoudai/Projects/Verantyx-Vera-alpha/verantyx/cross_store.py:345: RuntimeWarning: WikiText stream unavailable (FileNotFoundError:no_wikitext_arrow_cache); synthetic_en
  rows, tag, fallback, meta = iter_english_rows(source=source, max_rows=max_rows)
{
  "all_pass": true,
  "n_forks": 178,
  "n_skipped": 0,
  "skipped": {},
  "forks": {
    "CONSENSUS_ANSWER": true,
    "CONSENSUS_EVIDENCE_GATE": true,
    "CONSENSUS_AMBIGUOUS_TIE": true,
    "CONSENSUS_BUDGET": true,
    "CONSENSUS_NO_EVIDENCE": true,
    "CONSENSUS_QUERY_GROUNDING": true,
    "CONSENSUS_ESCAPE_HELPS": true,
    "MATRYOSHKA_CARRY_MODES": true,
    "GEOMETRIC_POLE_INVISIBILITY": true,
    "GEOMETRIC_ROTATION_REACHES_ALL": true,
    "LAYER_STACK_GROWTH": true,
    "LAYERED_ASK_STABILITY": true,
    "LAYERED_CARRY_DRIFT": true,
    "PLACEMENT_GRANULARITY": true,
    "PLACEMENT_SIMULATION": true,
    "PLACEMENT_CANNOT_MANUFACTURE_CONFIDENCE": true,
    "PLACEMENT_INVARIANCE": true,
    "DIRECTION_INVARIANCE": true,
    "REVERSE_UNIQUE": true,
    "REVERSE_SPECIFIC": true,
    "PROVER_THREE_OUTCOMES": true,
    "ATTEST_POLARITY": true,
    "TRANSFER_READING": true,
    "AXIS_LOCK": true,
    "NORM_VS_RECORD": true,
    "QUOTE_IS_SUBSTRING": true,
    "READ_AT_SHOWS_BOTH_SIDES": true,
    "JA_COVERAGE_GATE": true,
    "REIFIED_EVENT": true,
    "EVENT_EXTRACTOR_REFUSES_STATUTE_PROSE": true,
    "EGOV_ARTICLE_IS_A_CITATION_KEY": true,
    "SOVEREIGN_BUILD": true,
    "DOCUMENT_DRAFT_IS_LICENSED": true,
    "EDGE_FALLBACK_ROUTES_OFF_FACE": true,
    "ONE_ROOT_SATURATES_AT_CAPACITY": true,
    "FUSION_IS_NOT_MONOTONIC": true,
    "WORD_FORM_IS_A_FALLBACK": true,
    "LINKED_IS_NOT_PRINTED": true,
    "GRANULARITY_COMPOSES": true,
    "RESOLUTION_LADDER_GRADES_DOUBT": true,
    "CONCORD_RIDES_ALONGSIDE_THE_LIST": true,
    "LONG_FORM_DRIFTS_AND_LISTS": true,
    "TRACE_IS_MEMORY_OUTSIDE_THE_STORE": true,
    "CONSTELLATION_BEATS_ONE_SOVEREIGN": true,
    "WRITER_NEVER_REACHES_THE_ANSWER_PATH": true,
    "FORM_MAY_NOT_ASSERT_MORE_THAN_CONTENT_LICENSES": true,
    "CONCORD_IS_NOT_COVERAGE": true,
    "EVERY_MANIFEST_CAN_REBUILD_ITS_CORPUS": true,
    "A_RELOADED_WRITER_IS_THE_SAME_WRITER": true,
    "COARSENING_ADDS_A_READING_AND_NEVER_OVERTURNS_ONE": true,
    "A_CITATION_IS_LISTED_NOT_CHOSEN": true,
    "A_TEMPLATE_CUT_INSIDE_A_WORD_IS_CAUGHT_AT_THE_SEAM": true,
    "PRESENCE_IN_THE_CORPUS_IS_NOT_SUPPORT": true,
    "A_WHOLESALE_REPLACEMENT_IS_NOT_NO_CHANGE": true,
    "NOT_KNOWING_IS_NOT_DISAGREEING": true,
    "A_COVENANT_BINDS_THE_EXCHANGE_NOT_THE_WORDING": true,
    "THE_STORE_INFERS_THE_PROHIBITION_NOBODY_WROTE": true,
    "LATIN_IS_A_CONTENT_WORD_IN_JAPANESE_PROSE": true,
    "MORE_GRAIN_DOES_NOT_REACH_FURTHER": true,
    "THE_STRUCTURE_IS_DETERMINISTIC": true,
    "THE_GRAMMAR_AXIS_EARNS_ITS_PLACE_ON_MISMATCHED_FORMS": true,
    "THE_FINEST_STAIRCASE_IS_NOT_THE_BEST_ONE": true,
    "SOVEREIGNS_CUT_DIFFERENTLY_ARE_NOT_ONE_STORE_REINDEXED": true,
    "ONLY_DATA_VARIED_SOVEREIGNS_CAN_DISSENT": true,
    "A_COARSER_CUT_RECOVERS_WORDS_THE_WORD_READER_BURIED": true,
    "A_STORE_MUST_BE_ASKED_THE_WAY_IT_WAS_READ": true,
    "A_TIMELESS_STORE_MUST_REFUSE_A_QUESTION_ABOUT_NOW": true,
    "A_CHARACTER_WINDOW_IS_A_JAPANESE_TECHNIQUE": true,
    "A_QUESTION_GOES_TO_ONE_LANGUAGE_SOVEREIGN": true,
    "A_CHAIN_DECAYS_AND_STACKING_NODES_DOES_NOT_STOP_IT": true,
    "A_PUZZLE_NARROWS_WHERE_A_CHAIN_DECAYS": true,
    "LAYERED_RECOVERS_WHERE_POOLED_DESTROYS": true,
    "THE_PATH_IS_THE_CONTENT_AND_THE_WRITER_ONLY_SUPPLIES_FORM": true,
    "THE_VOCABULARY_IS_NOT_THE_LEVER": true,
    "A_REFUSAL_SAYS_WHAT_WOULD_CLOSE_IT": true,
    "THE_POLITE_REGISTER_WAS_INVISIBLE_TO_THE_HARVESTER": true,
    "A_POLITE_IMPERATIVE_STILL_NEEDS_A_LICENCE": true,
    "NOTHING_MEASURED_MOVES_UNKNOWN_WORD_REACH": true,
    "UNKNOWN_WORD_REACH_AND_NEW_WORD_CREATION_ARE_ONE_OPERATION": true,
    "EXPLANATION_CONSTRUCTED_AND_TYPED": true,
    "EXPLANATION_BARE_SUFFIX_ABSTAINS_AT_THE_SPLIT": true,
    "EXPLANATION_NEVER_ON_ANSWER_PATH": true,
    "STAGED_INTERSECTION_CHAINS_N_STAGES": true,
    "SUMMARY_EDGE_LICENCE_AND_GROUP_DROPS": true,
    "LATTICE_NODES_ATTESTED_AND_KIN_POSITIONAL": true,
    "KIN_NEIGHBOURHOOD_IS_A_WEAKER_TYPED_CLAIM": true,
    "CROSS_FIELD_AGREEMENT_SELECTS_BUT_BARELY_APPLIES": true,
    "CUT_AGREEMENT_IS_NOT_EVIDENCE_AND_MUST_NOT_BE_POOLED": true,
    "A_RULE_THAT_JUST_STARTED_BREAKING_IS_THE_ONE_TO_RESEND": true,
    "PLACEMENT_BACKWARD_COMPATIBLE": true,
    "PROMOTION_PYRAMID": true,
    "CONVERSATION_OVERFLOW_TYPED": true,
    "CONVERSATION_SPEAKER_ATTRIBUTION": true,
    "COVENANT_LIFECYCLE": true,
    "A_PROMISE_TO_ACT_NEEDS_A_WITNESS": true,
    "A_WITNESS_MUST_HAVE_BEEN_INVOKED": true,
    "A_RULE_A_REGEX_READ_IS_A_CANDIDATE": true,
    "POLARITY_CONTRADICTION_GATE": true,
    "POLARITY_NEGATION": true,
    "ARM_INTENT_GATE": true,
    "ARM_CHECKLIST": true,
    "SIGNATURE_INVARIANCE": true,
    "SIGNATURE_REPLAY_VERIFIES": true,
    "DOCUMENT_DISAGREEMENT_SURVIVES": true,
    "DOCUMENT_UNANIMOUS_IS_SUPPORTED": true,
    "POUR_ACCUMULATES": true,
    "POUR_CHECKPOINT": true,
    "POUR_RETRIEVAL_ANSWERS": true,
    "LEX_FILTER_JUNK": true,
    "COMPOUND_SENSE_CHANNELS": true,
    "CAP_TWOPASS_PROPER": true,
    "PARTIAL_QUERY_GATE": true,
    "SENSE_CLUSTER_SELECTS": true,
    "NAMESPACED_KEY_NL_QUERY": true,
    "POUR_CORPUS_PILOT": true,
    "MATH_WIRE_ADD": true,
    "MATH_WIRE_SUB": true,
    "MATH_MATRYOSHKA_EVAL": true,
    "MATH_EQUATION_TYPED": true,
    "MATH_EXACTNESS_SWEEP": true,
    "MATH_CALCULATOR_TRAILING_EQUALS": true,
    "MATH_ASK_ROUTE": true,
    "KRIPKE_MODEL_CHECK": true,
    "KRIPKE_VALIDITY": true,
    "KRIPKE_UNKNOWN_REFUSES": true,
    "REWRITE_ALGEBRA": true,
    "REWRITE_PRINT_ROUNDTRIP": true,
    "ORDERED_REWRITE_CANONICAL": true,
    "COMPLETION_DERIVES_LAWS": true,
    "INDUCTION_BY_REWRITING": true,
    "INDUCTIVE_SEARCH": true,
    "BUDGET_IS_NOT_AGREEMENT": true,
    "TERMINATING_IS_NOT_CONFLUENT": true,
    "FALSE_EQUATION_CANARY": true,
    "GENERALISATION_TWO_PHASE": true,
    "REWRITE_LOGIC_SET": true,
    "REWRITE_RULES_ARE_DATA": true,
    "REWRITE_PERMISSION_H": true,
    "LEAN_WITNESS_TYPES": true,
    "STRUCTURE_TO_LEAN_LOOP": true,
    "LANG_DETECT": true,
    "LANG_JA_INGEST_ASK": true,
    "LANG_LATIN_GENERIC": true,
    "ROUTER_TASK_LABEL_NOT_MEMORIZED": true,
    "ROUTER_AUTO_MEMORY": true,
    "ROUTER_ALLOCATION": true,
    "DEBUG_CONSENSUS_LOCATES": true,
    "DEBUG_DISAGREE_UNKNOWN": true,
    "DEBUG_BEATS_BASELINES": true,
    "MEMORY_PROVENANCE_CONTRADICTION": true,
    "SQLITE_ROUNDTRIP": true,
    "LANG_JA_CONSENSUS": true,
    "AGENT_READONLY_RUNS": true,
    "AGENT_APPROVAL_GATE": true,
    "AGENT_REACT_LOOP": true,
    "AGENT_VERA_DIRECT": true,
    "CONFIG_ALLOCATION": true,
    "TUI_FALLBACK": true,
    "MULTILINE_PASTE_CAPTURE": true,
    "GRAIN_BAND_ANNOTATES_NEVER_VOTES": true,
    "REFUSAL_LEDGER_KEEPS_RESOLVED": true,
    "REFUSAL_FEEDS_THE_GAP_GRAPH": true,
    "COVERAGE_NAMES_THE_SHELF_OR_THE_HOLE": true,
    "AI_INGEST_FILTERS_HEDGES": true,
    "AI_INGEST_DROPS_QUESTIONS_TASKS": true,
    "AI_QUARANTINE_NEVER_AUTO_PROMOTES": true,
    "AI_QUARANTINE_REJECT_AND_PERSIST": true,
    "OBF_RENAME_ROUNDTRIP": true,
    "OBF_KEY_DETERMINISM": true,
    "OBF_KEY_UNIQUENESS": true,
    "OBF_WRONG_KEY_REFUSES": true,
    "OBF_STRING_LITERALS_UNTOUCHED": true,
    "OBF_END_TO_END_FILE": true,
    "WM_VARIANT_DETERMINISM": true,
    "WM_VARIANT_SENSITIVITY": true,
    "WM_DETECT_ROUNDTRIP": true,
    "WM_DETECT_SILENT_ON_FOREIGN_CODE": true,
    "WM_REGISTRY_ROUNDTRIP": true
  }
}
