{
  "verdict": "UNKNOWN_NOT_FOUND",
  "query": "hook command pinning python path",
  "searched": 705,
  "counts": {
    "door": 132,
    "fork": 89,
    "command": 58,
    "module": 302,
    "prereg": 80,
    "results": 44
  },
  "note": "nothing in the code or the papers matches; this is an answer, not a failure — it means the thing is not there yet"
}
----
{
  "verdict": "UNKNOWN_NOT_FOUND",
  "query": "self test before install",
  "searched": 705,
  "counts": {
    "door": 132,
    "fork": 89,
    "command": 58,
    "module": 302,
    "prereg": 80,
    "results": 44
  },
  "note": "nothing in the code or the papers matches; this is an answer, not a failure — it means the thing is not there yet"
}
