形	名前	件数	漏れ	冪等	出力の先頭40字（印以外は秘密を含まない場合だけ）
fullwidth	fw_prefix_only	0	漏れ	冪等	(漏れ。表示しない)
fullwidth	fw_all	0	漏れ	冪等	(漏れ。表示しない)
fullwidth	fw_japanese_nogap	0	漏れ	冪等	(漏れ。表示しない)
fullwidth	fw_quoted	0	漏れ	冪等	(漏れ。表示しない)
fullwidth	fw_akia	0	漏れ	冪等	(漏れ。表示しない)
fullwidth	fw_ghp	0	漏れ	冪等	(漏れ。表示しない)
fullwidth	fw_fe63_dash	0	漏れ	冪等	(漏れ。表示しない)
fullwidth	fw_bearer_window	0	漏れ	冪等	(漏れ。表示しない)
fullwidth	fw_password	0	漏れ	冪等	(漏れ。表示しない)
percent	pct_dash	0	漏れ	冪等	(漏れ。表示しない)
percent	pct_dash_lower	0	漏れ	冪等	(漏れ。表示しない)
percent	pct_all	0	漏れ	冪等	(漏れ。表示しない)
percent	pct_double	0	漏れ	冪等	(漏れ。表示しない)
percent	pct_url_query	0	漏れ	冪等	(漏れ。表示しない)
percent	pct_bearer_space	0	漏れ	冪等	(漏れ。表示しない)
percent	pct_akia	0	漏れ	冪等	(漏れ。表示しない)
percent	pct_bearer_plus	0	漏れ	冪等	(漏れ。表示しない)
base64	b64_padded	0	漏れ	冪等	(漏れ。表示しない)
base64	b64_unpadded	0	漏れ	冪等	(漏れ。表示しない)
base64	b64_urlsafe	0	漏れ	冪等	(漏れ。表示しない)
base64	b64_password	0	漏れ	冪等	(漏れ。表示しない)
base64	b64_basic_auth	0	漏れ	冪等	(漏れ。表示しない)
base64	b64_in_token	0	漏れ	冪等	(漏れ。表示しない)
base64	b64_akia	0	漏れ	冪等	(漏れ。表示しない)
total 24 bad 24
