
tests/test_w16t7c_redact_variants.py:116: AssertionError
__________________ test_c1_variant_redacted[b64_alnum_suffix] __________________

form = 'base64', name = 'b64_alnum_suffix'
text = 'ヘッダは c2stYWJjZGVmZ2hpamtsbW5vcAxyz です'
secrets = ['sk-abcdefghijklmnop', 'c2stYWJjZGVmZ2hpamtsbW5vcA']

    @pytest.mark.parametrize("form,name,text,secrets", VARIANTS, ids=[x[1] for x in VARIANTS])
    def test_c1_variant_redacted(form, name, text, secrets):
        out, n = L.redact(text)
>       assert n >= 1, "伏せの件数 0"
E       AssertionError: 伏せの件数 0
E       assert 0 >= 1

tests/test_w16t7c_redact_variants.py:116: AssertionError
___________________ test_c1_variant_redacted[b64_alnum_both] ___________________

form = 'base64', name = 'b64_alnum_both'
text = 'ヘッダは Qc2stYWJjZGVmZ2hpamtsbW5vcAzz です'
secrets = ['sk-abcdefghijklmnop', 'c2stYWJjZGVmZ2hpamtsbW5vcA']

    @pytest.mark.parametrize("form,name,text,secrets", VARIANTS, ids=[x[1] for x in VARIANTS])
    def test_c1_variant_redacted(form, name, text, secrets):
        out, n = L.redact(text)
>       assert n >= 1, "伏せの件数 0"
E       AssertionError: 伏せの件数 0
E       assert 0 >= 1

tests/test_w16t7c_redact_variants.py:116: AssertionError
=========================== short test summary info ============================
FAILED tests/test_w16t7c_redact_variants.py::test_c1_variant_redacted[b64_ja_json_prefix_underscore]
FAILED tests/test_w16t7c_redact_variants.py::test_c1_variant_redacted[b64_ja_json_url_path]
FAILED tests/test_w16t7c_redact_variants.py::test_c1_variant_redacted[b64_ja_json_prefix_hyphen]
FAILED tests/test_w16t7c_redact_variants.py::test_c1_variant_redacted[b64_alnum_prefix1]
FAILED tests/test_w16t7c_redact_variants.py::test_c1_variant_redacted[b64_alnum_prefix3]
FAILED tests/test_w16t7c_redact_variants.py::test_c1_variant_redacted[b64_alnum_prefix4]
FAILED tests/test_w16t7c_redact_variants.py::test_c1_variant_redacted[b64_alnum_suffix]
FAILED tests/test_w16t7c_redact_variants.py::test_c1_variant_redacted[b64_alnum_both]
8 failed, 37 passed in 1.90s
