1 a03
2 a06
3 a07
4 a04
5 a02
6 a01
7 a08
8 a09
9 a11
10 a12
11 a10
12 a14
13 a05
14 a13
15 a16
16 a17
17 a19
18 a15
19 a20
20 a24
21 a22
22 a18
23 a23
24 a21
25 a25
26 a26
27 a28
28 a31
29 a32
30 a27
31 a29
32 a30
33 a34
34 a35
35 a36
36 a40
37 a42
38 a37
39 a41
40 a33
41 a39
42 a44
43 a43
44 a45
45 a52
46 a38
47 a46
48 a51
49 a48
50 a49
51 a54
52 a50
53 a56
54 a55
55 a47
56 a53
57 a59
58 u01
59 a60
60 a58
61 u02
62 u05
63 a57
64 u07
65 u08
66 u03
67 u04
68 u10
69 u11
70 u13
71 u14
72 u15
73 u06
74 u17
75 u12
76 u20
77 u16
78 u19
79 u09
80 u18
81 u21
82 u29
83 u25
84 u23
85 u24
86 u22
87 u27
88 u26
89 u28
90 u30
