1 a01
2 a02
3 a07
4 a03
5 a10
6 a09
7 a05
8 a12
9 a06
10 a14
11 a08
12 a11
13 a18
14 a20
15 a19
16 a04
17 a16
18 a15
19 a13
20 a27
21 a21
22 a28
23 a17
24 a23
25 a26
26 a25
27 a33
28 a22
29 a36
30 a24
31 a30
32 a32
33 a35
34 a29
35 a40
36 a31
37 a42
38 a39
39 a45
40 a44
41 a43
42 a34
43 a41
44 a46
45 a47
46 a48
47 a37
48 a51
49 a49
50 a56
51 a50
52 a52
53 a57
54 u01
55 a60
56 a54
57 a55
58 a59
59 u06
60 u07
61 a58
62 u05
63 u04
64 u02
65 a38
66 u10
67 u14
68 u11
69 u08
70 u12
71 u17
72 u13
73 u20
74 u03
75 u18
76 u16
77 u09
78 u15
79 u22
80 u19
81 u24
82 a53
83 u29
84 u21
85 u28
86 u23
87 u26
88 u27
89 u30
90 u25
