1 a02
2 a03
3 a06
4 a04
5 a01
6 a09
7 a07
8 a14
9 a15
10 a10
11 a11
12 a12
13 a05
14 a20
15 a13
16 a08
17 a21
18 a17
19 a19
20 a23
21 a18
22 a22
23 a28
24 a24
25 a26
26 a27
27 a16
28 a25
29 a31
30 a36
31 a30
32 a29
33 a40
34 a34
35 a32
36 a38
37 a35
38 a45
39 a33
40 a47
41 a42
42 a44
43 a50
44 a41
45 a39
46 a43
47 a48
48 a52
49 a51
50 a56
51 a37
52 a49
53 a60
54 a46
55 a53
56 u01
57 u02
58 a58
59 a54
60 u05
61 a55
62 u08
63 a57
64 a59
65 u11
66 u03
67 u04
68 u07
69 u16
70 u12
71 u13
72 u14
73 u10
74 u20
75 u06
76 u09
77 u18
78 u17
79 u15
80 u19
81 u22
82 u21
83 u29
84 u24
85 u23
86 u25
87 u27
88 u28
89 u26
90 u30
