tree=/Users/motonisihikoudai/Projects/vera-impl/wt/W1-a5-S
revision=df4f001e1f3027192b0006e8c9a54b4a164088c3
foreign_modules=[]
type    n    正読    誤読    未対応    棄権正    正読&検査PASS     検査誤通過     半数以上正読
E0      8     8     0      0      0            0         0       True
E1      8     3     0      5      5            0         0      False
E2      9     0     0      9      9            0         0      False
E3      8     0     0      8      8            0         0      False
E4      8     0     0      8      8            0         0      False
E5      8     0     0      8      8            0         0      False
E6      8     0     0      8      8            0         0      False
F0      6     6     0      0      0            0         0       True
F1      5     0     0      5      5            0         0      False
F2      5     0     0      5      5            0         0      False
F3      5     0     0      5      5            0         0      False
F4      5     0     0      5      5            0         0      False
F5      6     0     0      6      6            0         0      False
F6      6     0     0      6      6            0         0      False
J1     17    13     0      4      0           13         0       True
J2     18    17     0      1      0           17         0       True
J3     15     9     0      6      6            9         0       True
J4     15    10     0      5      0           10         0       True
J5     17    11     0      6      0           11         0       True
J6     16    15     0      1      0           15         0       True
J7     16     9     0      7      0            9         0       True
J8     17    14     0      3      0           14         0       True
J9     18    18     0      0      0            0         0       True
K1     10     8     0      2      0            8         0       True
K2      7     0     0      7      0            0         0      False
K3      8     0     0      8      0            0         0      False
K4      6     5     0      1      0            5         0       True
K5      5     1     0      4      0            1         0      False
K6      7     7     0      0      0            0         0       True
L1     14     5     0      9      0            5         0      False
L2     12    10     0      2      0           10         0       True
L3      6     6     0      0      0            6         0       True
N1     14     0     0     14      0            0         0      False
N1c     6     6     0      0      0            6         0       True
N2     12     0     0     12      0            0         0      False
N2c     6     5     0      1      0            5         0       True
N3     12     0     0     12     12            0         0      False
N3c     4     4     0      0      0            4         0       True
N4     14     0     0     14     14            0         0      False
R1     14     0     0     14      0            0         0      False
R1c     4     3     0      1      0            3         0       True
R2     12     0     0     12      0            0         0      False
R2c     5     4     0      1      0            4         0       True
R3     12     1     0     11      0            1         0      False
R3c     4     4     0      0      0            4         0       True
R4     12     0     0     12     12            0         0      False
R4c     5     5     0      0      0            5         0       True
S1     16     0     0     16      0            0         0      False
S1c     5     5     0      0      0            4         0       True
S4     13     0     0     13      0            0         0      False
S4c     4     2     0      2      0            0         0       True
T7      7     5     0      2      0            4         0       True
TOTAL misread=0 false_pass=0
ESCALATED(known exception, listed by id: []) misread=0 false_pass=0
UNESCALATED misread=0 false_pass=0
